Archive member included because of file (symbol)

.\CortexM0\ARM_GCC_484\Debug\Custom Profile.a(cyfitter_cfg.o)
                              .\CortexM0\ARM_GCC_484\Debug\Cm0Start.o (cyfitter_cfg)
.\CortexM0\ARM_GCC_484\Debug\Custom Profile.a(GREEN.o)
                              .\CortexM0\ARM_GCC_484\Debug\main.o (GREEN_SetDriveMode)
.\CortexM0\ARM_GCC_484\Debug\Custom Profile.a(RED.o)
                              .\CortexM0\ARM_GCC_484\Debug\main.o (RED_SetDriveMode)
.\CortexM0\ARM_GCC_484\Debug\Custom Profile.a(PRS_2.o)
                              .\CortexM0\ARM_GCC_484\Debug\main.o (PRS_2_Start)
.\CortexM0\ARM_GCC_484\Debug\Custom Profile.a(PRS_1.o)
                              .\CortexM0\ARM_GCC_484\Debug\main.o (PRS_1_Start)
.\CortexM0\ARM_GCC_484\Debug\Custom Profile.a(BLE_1.o)
                              .\CortexM0\ARM_GCC_484\Debug\main.o (CyBle_Start)
.\CortexM0\ARM_GCC_484\Debug\Custom Profile.a(BLE_1_gatt.o)
                              .\CortexM0\ARM_GCC_484\Debug\BLEApplications.o (cyBle_state)
.\CortexM0\ARM_GCC_484\Debug\Custom Profile.a(BLE_1_eventHandler.o)
                              .\CortexM0\ARM_GCC_484\Debug\BLEApplications.o (cyBle_connHandle)
.\CortexM0\ARM_GCC_484\Debug\Custom Profile.a(BLE_1_custom.o)
                              .\CortexM0\ARM_GCC_484\Debug\BLEApplications.o (cyBle_customs)
.\CortexM0\ARM_GCC_484\Debug\Custom Profile.a(CapSense.o)
                              .\CortexM0\ARM_GCC_484\Debug\main.o (CapSense_Start)
.\CortexM0\ARM_GCC_484\Debug\Custom Profile.a(CapSense_CSHL.o)
                              .\CortexM0\ARM_GCC_484\Debug\Custom Profile.a(CapSense.o) (CapSense_rawDataIndex)
.\CortexM0\ARM_GCC_484\Debug\Custom Profile.a(CapSense_INT.o)
                              .\CortexM0\ARM_GCC_484\Debug\Custom Profile.a(CapSense.o) (CapSense_ISR)
.\CortexM0\ARM_GCC_484\Debug\Custom Profile.a(CapSense_SMS.o)
                              .\CortexM0\ARM_GCC_484\Debug\Custom Profile.a(CapSense_CSHL.o) (CapSense_config)
.\CortexM0\ARM_GCC_484\Debug\Custom Profile.a(BLUE.o)
                              .\CortexM0\ARM_GCC_484\Debug\main.o (BLUE_SetDriveMode)
.\CortexM0\ARM_GCC_484\Debug\Custom Profile.a(CapSense_SampleClk.o)
                              .\CortexM0\ARM_GCC_484\Debug\Custom Profile.a(CapSense.o) (CapSense_SampleClk_StartEx)
.\CortexM0\ARM_GCC_484\Debug\Custom Profile.a(CapSense_SenseClk.o)
                              .\CortexM0\ARM_GCC_484\Debug\Custom Profile.a(CapSense.o) (CapSense_SenseClk_StartEx)
.\CortexM0\ARM_GCC_484\Debug\Custom Profile.a(CyBootAsmGnu.o)
                              .\CortexM0\ARM_GCC_484\Debug\Custom Profile.a(cyfitter_cfg.o) (CyDelayCycles)
.\CortexM0\ARM_GCC_484\Debug\Custom Profile.a(CyLib.o)
                              .\CortexM0\ARM_GCC_484\Debug\Custom Profile.a(cyfitter_cfg.o) (CyDelayUs)
C:\Program Files (x86)\Cypress\PSoC Creator\3.1\PSoC Creator\psoc\content\cycomponentlibrary\CyComponentLibrary.cylib\BLE_v1_20\Library\gccCyBLEStack_BLE_SOC_PERIPHERAL.a(CyBle.o)
                              .\CortexM0\ARM_GCC_484\Debug\main.o (CyBle_ProcessEvents)
C:\Program Files (x86)\Cypress\PSoC Creator\3.1\PSoC Creator\psoc\content\cycomponentlibrary\CyComponentLibrary.cylib\BLE_v1_20\Library\gccCyBLEStack_BLE_SOC_PERIPHERAL.a(CyBleStackMgrIP_Interface.o)
                              C:\Program Files (x86)\Cypress\PSoC Creator\3.1\PSoC Creator\psoc\content\cycomponentlibrary\CyComponentLibrary.cylib\BLE_v1_20\Library\gccCyBLEStack_BLE_SOC_PERIPHERAL.a(CyBle.o) (CyBleStackMgr_BleGetConfigData)
C:\Program Files (x86)\Cypress\PSoC Creator\3.1\PSoC Creator\psoc\content\cycomponentlibrary\CyComponentLibrary.cylib\BLE_v1_20\Library\gccCyBLEStack_BLE_SOC_PERIPHERAL.a(BT_os.o)
                              C:\Program Files (x86)\Cypress\PSoC Creator\3.1\PSoC Creator\psoc\content\cycomponentlibrary\CyComponentLibrary.cylib\BLE_v1_20\Library\gccCyBLEStack_BLE_SOC_PERIPHERAL.a(CyBleStackMgrIP_Interface.o) (bt_stack_init_os)
C:\Program Files (x86)\Cypress\PSoC Creator\3.1\PSoC Creator\psoc\content\cycomponentlibrary\CyComponentLibrary.cylib\BLE_v1_20\Library\gccCyBLEStack_BLE_SOC_PERIPHERAL.a(CyBleStackMgr_StackTaskHandler.o)
                              C:\Program Files (x86)\Cypress\PSoC Creator\3.1\PSoC Creator\psoc\content\cycomponentlibrary\CyComponentLibrary.cylib\BLE_v1_20\Library\gccCyBLEStack_BLE_SOC_PERIPHERAL.a(CyBleStackMgrIP_Interface.o) (CyBle_CreateBleStackTask)
C:\Program Files (x86)\Cypress\PSoC Creator\3.1\PSoC Creator\psoc\content\cycomponentlibrary\CyComponentLibrary.cylib\BLE_v1_20\Library\gccCyBLEStack_BLE_SOC_PERIPHERAL.a(transport_sf.o)
                              C:\Program Files (x86)\Cypress\PSoC Creator\3.1\PSoC Creator\psoc\content\cycomponentlibrary\CyComponentLibrary.cylib\BLE_v1_20\Library\gccCyBLEStack_BLE_SOC_PERIPHERAL.a(CyBleStackMgr_StackTaskHandler.o) (hci_soft_transport_notify_data_received)
[...]
Memory Configuration

Name             Origin             Length             Attributes
rom              0x00000000         0x00020000         xr
ram              0x20000000         0x00004000         xrw
*default*        0x00000000         0xffffffff

Linker script and memory map

LOAD c:/program files (x86)/cypress/psoc creator/3.1/psoc creator/import/gnu_cs/arm/4.8.4/bin/../lib/gcc/arm-none-eabi/4.8.4/armv6-m/crti.o
LOAD c:/program files (x86)/cypress/psoc creator/3.1/psoc creator/import/gnu_cs/arm/4.8.4/bin/../lib/gcc/arm-none-eabi/4.8.4/armv6-m/crtbegin.o
LOAD c:/program files (x86)/cypress/psoc creator/3.1/psoc creator/import/gnu_cs/arm/4.8.4/bin/../lib/gcc/arm-none-eabi/4.8.4/../../../../arm-none-eabi/lib/armv6-m/crt0.o
START GROUP
LOAD .\CortexM0\ARM_GCC_484\Debug\main.o
LOAD .\CortexM0\ARM_GCC_484\Debug\BLEApplications.o
LOAD .\CortexM0\ARM_GCC_484\Debug\cymetadata.o
LOAD .\CortexM0\ARM_GCC_484\Debug\Cm0Start.o
LOAD .\CortexM0\ARM_GCC_484\Debug\Custom Profile.a
LOAD C:\Program Files (x86)\Cypress\PSoC Creator\3.1\PSoC Creator\psoc\content\cycomponentlibrary\CyComponentLibrary.cylib\BLE_v1_20\Library\gccCyBLEStack_BLE_SOC_PERIPHERAL.a
LOAD C:\Program Files (x86)\Cypress\PSoC Creator\3.1\PSoC Creator\psoc\content\cycomponentlibrary\CyComponentLibrary.cylib\CapSense_CSD_P4_v2_10\PSoC4\Library\CapsenseP4Library_GCC.a
LOAD C:\Program Files (x86)\Cypress\PSoC Creator\3.1\PSoC Creator\psoc\content\cycomponentlibrary\CyComponentLibrary.cylib\CortexM0\ARM_GCC_484\Debug\CyComponentLibrary.a
END GROUP
START GROUP
LOAD c:/program files (x86)/cypress/psoc creator/3.1/psoc creator/import/gnu_cs/arm/4.8.4/bin/../lib/gcc/arm-none-eabi/4.8.4/armv6-m\libgcc.a
LOAD c:/program files (x86)/cypress/psoc creator/3.1/psoc creator/import/gnu_cs/arm/4.8.4/bin/../lib/gcc/arm-none-eabi/4.8.4/../../../../arm-none-eabi/lib/armv6-m\libg_s.a
LOAD c:/program files (x86)/cypress/psoc creator/3.1/psoc creator/import/gnu_cs/arm/4.8.4/bin/../lib/gcc/arm-none-eabi/4.8.4/../../../../arm-none-eabi/lib/armv6-m\libc_s.a
END GROUP
START GROUP
LOAD c:/program files (x86)/cypress/psoc creator/3.1/psoc creator/import/gnu_cs/arm/4.8.4/bin/../lib/gcc/arm-none-eabi/4.8.4/armv6-m\libgcc.a
LOAD c:/program files (x86)/cypress/psoc creator/3.1/psoc creator/import/gnu_cs/arm/4.8.4/bin/../lib/gcc/arm-none-eabi/4.8.4/../../../../arm-none-eabi/lib/armv6-m\libc_s.a
END GROUP
LOAD c:/program files (x86)/cypress/psoc creator/3.1/psoc creator/import/gnu_cs/arm/4.8.4/bin/../lib/gcc/arm-none-eabi/4.8.4/armv6-m/crtend.o
LOAD c:/program files (x86)/cypress/psoc creator/3.1/psoc creator/import/gnu_cs/arm/4.8.4/bin/../lib/gcc/arm-none-eabi/4.8.4/armv6-m/crtn.o
START GROUP
LOAD c:/program files (x86)/cypress/psoc creator/3.1/psoc creator/import/gnu_cs/arm/4.8.4/bin/../lib/gcc/arm-none-eabi/4.8.4/armv6-m\libgcc.a
LOAD c:/program files (x86)/cypress/psoc creator/3.1/psoc creator/import/gnu_cs/arm/4.8.4/bin/../lib/gcc/arm-none-eabi/4.8.4/../../../../arm-none-eabi/lib/armv6-m\libc.a
LOAD c:/program files (x86)/cypress/psoc creator/3.1/psoc creator/import/gnu_cs/arm/4.8.4/bin/../lib/gcc/arm-none-eabi/4.8.4/../../../../arm-none-eabi/lib/armv6-m\libnosys.a
END GROUP
                0x00000000                CY_APPL_ORIGIN = 0x0
                0x00000080                CY_FLASH_ROW_SIZE = 0x80
                0x00000001                CY_APPL_NUM = 0x1
                0x00000040                CY_METADATA_SIZE = 0x40
                0x20002608                PROVIDE (__cy_heap_start, _end)
                0x00000001                PROVIDE (__cy_region_num, ((__cy_regions_end - __cy_regions) / 0x10))
                0x20004000                PROVIDE (__cy_stack, (ORIGIN (ram) + 0x4000))
                0x20003800                PROVIDE (__cy_heap_end, (__cy_stack - 0x800))

.cybootloader   0x00000000        0x0
 *(.cybootloader)
                0x00000000                appl1_start = CY_APPL_ORIGIN?CY_APPL_ORIGIN:ALIGN (CY_FLASH_ROW_SIZE)
                0x0000ff80                appl2_start = (appl1_start + ALIGN ((((0x20000 - appl1_start) - (0x2 * CY_FLASH_ROW_SIZE)) / 0x2), CY_FLASH_ROW_SIZE))
                0x00000000                appl_start = (CY_APPL_NUM == 0x1)?appl1_start:appl2_start

.text           0x00000000     0x3278
 CREATE_OBJECT_SYMBOLS
                0x00000000                PROVIDE (__cy_interrupt_vector, RomVectors)
 *(.romvectors)
 .romvectors    0x00000000       0x10 .\CortexM0\ARM_GCC_484\Debug\Cm0Start.o
                0x00000000                RomVectors
                0x00000001                ASSERT ((. != __cy_interrupt_vector), No interrupt vector)
                0x00000001                ASSERT (CY_APPL_ORIGIN?(SIZEOF (.cybootloader) <= CY_APPL_ORIGIN):0x1, Wrong image location)
                0x00000010                PROVIDE (__cy_reset, Reset)
 *(.text.Reset)
 .text.Reset    0x00000010        0x8 .\CortexM0\ARM_GCC_484\Debug\Cm0Start.o
                0x00000010                Reset
                0x00000001                ASSERT ((. != __cy_reset), No reset code)
 *(.psocinit)
 .psocinit      0x00000018      0x340 .\CortexM0\ARM_GCC_484\Debug\Custom Profile.a(cyfitter_cfg.o)
                0x000001c8                cyfitter_cfg
                0x00000358                . = MAX (., 0x100)
 *(.text .text.* .gnu.linkonce.t.*)
 .text          0x00000358       0x60 c:/program files (x86)/cypress/psoc creator/3.1/psoc creator/import/gnu_cs/arm/4.8.4/bin/../lib/gcc/arm-none-eabi/4.8.4/armv6-m/crtbegin.o
 .text.main     0x000003b8       0x30 .\CortexM0\ARM_GCC_484\Debug\main.o
                0x000003b8                main
 .text.InitializeSystem
                0x000003e8       0x4c .\CortexM0\ARM_GCC_484\Debug\main.o
 .text.HandleCapSenseSlider
                0x00000434       0x68 .\CortexM0\ARM_GCC_484\Debug\main.o
 .text.CustomEventHandler
                0x0000049c      0x114 .\CortexM0\ARM_GCC_484\Debug\BLEApplications.o
                0x0000049c                CustomEventHandler
 .text.SendCapSenseNotification
                0x000005b0       0x50 .\CortexM0\ARM_GCC_484\Debug\BLEApplications.o
                0x000005b0                SendCapSenseNotification
 .text.UpdateRGBled
                0x00000600       0xc0 .\CortexM0\ARM_GCC_484\Debug\BLEApplications.o
                0x00000600                UpdateRGBled
 .text.UpdateNotificationCCCD
                0x000006c0       0x60 .\CortexM0\ARM_GCC_484\Debug\BLEApplications.o
                0x000006c0                UpdateNotificationCCCD
 .text.IntDefaultHandler
                0x00000720        0x8 .\CortexM0\ARM_GCC_484\Debug\Cm0Start.o
                0x00000720                IntDefaultHandler
 .text.Start_c  0x00000728       0x98 .\CortexM0\ARM_GCC_484\Debug\Cm0Start.o
                0x00000728                Start_c
 .text.initialize_psoc
                0x000007c0       0x70 .\CortexM0\ARM_GCC_484\Debug\Cm0Start.o
                0x000007c0                initialize_psoc
 .text.CYMEMZERO
                0x00000830       0x20 .\CortexM0\ARM_GCC_484\Debug\Custom Profile.a(cyfitter_cfg.o)
 .text.cfg_write_bytes32
                0x00000850       0x80 .\CortexM0\ARM_GCC_484\Debug\Custom Profile.a(cyfitter_cfg.o)
 .text.AnalogSetDefault
                0x000008d0       0x2c .\CortexM0\ARM_GCC_484\Debug\Custom Profile.a(cyfitter_cfg.o)
 .text.SetAnalogRoutingPumps
                0x000008fc       0x70 .\CortexM0\ARM_GCC_484\Debug\Custom Profile.a(cyfitter_cfg.o)
                0x000008fc                SetAnalogRoutingPumps
 .text.GREEN_SetDriveMode
                0x0000096c       0x30 .\CortexM0\ARM_GCC_484\Debug\Custom Profile.a(GREEN.o)
                0x0000096c                GREEN_SetDriveMode
 .text.RED_SetDriveMode
                0x0000099c       0x30 .\CortexM0\ARM_GCC_484\Debug\Custom Profile.a(RED.o)
                0x0000099c                RED_SetDriveMode
 .text.PRS_2_Start
                0x000009cc       0x24 .\CortexM0\ARM_GCC_484\Debug\Custom Profile.a(PRS_2.o)
                0x000009cc                PRS_2_Start
 .text.PRS_2_Init
                0x000009f0       0x70 .\CortexM0\ARM_GCC_484\Debug\Custom Profile.a(PRS_2.o)
                0x000009f0                PRS_2_Init
 .text.PRS_2_Enable
                0x00000a60       0x1c .\CortexM0\ARM_GCC_484\Debug\Custom Profile.a(PRS_2.o)
                0x00000a60                PRS_2_Enable
 .text.PRS_2_WriteSeed
                0x00000a7c       0x34 .\CortexM0\ARM_GCC_484\Debug\Custom Profile.a(PRS_2.o)
                0x00000a7c                PRS_2_WriteSeed
 .text.PRS_2_WritePolynomial
                0x00000ab0       0x20 .\CortexM0\ARM_GCC_484\Debug\Custom Profile.a(PRS_2.o)
                0x00000ab0                PRS_2_WritePolynomial
 .text.PRS_2_WritePulse0
                0x00000ad0       0x20 .\CortexM0\ARM_GCC_484\Debug\Custom Profile.a(PRS_2.o)
                0x00000ad0                PRS_2_WritePulse0
 .text.PRS_2_WritePulse1
                0x00000af0       0x20 .\CortexM0\ARM_GCC_484\Debug\Custom Profile.a(PRS_2.o)
                0x00000af0                PRS_2_WritePulse1
 .text.PRS_1_Start
                0x00000b10       0x24 .\CortexM0\ARM_GCC_484\Debug\Custom Profile.a(PRS_1.o)
                0x00000b10                PRS_1_Start
 .text.PRS_1_Init
                0x00000b34       0x70 .\CortexM0\ARM_GCC_484\Debug\Custom Profile.a(PRS_1.o)
                0x00000b34                PRS_1_Init
 .text.PRS_1_Enable
                0x00000ba4       0x1c .\CortexM0\ARM_GCC_484\Debug\Custom Profile.a(PRS_1.o)
                0x00000ba4                PRS_1_Enable
 .text.PRS_1_WriteSeed
                0x00000bc0       0x34 .\CortexM0\ARM_GCC_484\Debug\Custom Profile.a(PRS_1.o)
                0x00000bc0                PRS_1_WriteSeed
 .text.PRS_1_WritePolynomial
                0x00000bf4       0x20 .\CortexM0\ARM_GCC_484\Debug\Custom Profile.a(PRS_1.o)
                0x00000bf4                PRS_1_WritePolynomial
 .text.PRS_1_WritePulse0
                0x00000c14       0x20 .\CortexM0\ARM_GCC_484\Debug\Custom Profile.a(PRS_1.o)
                0x00000c14                PRS_1_WritePulse0
 .text.PRS_1_WritePulse1
                0x00000c34       0x20 .\CortexM0\ARM_GCC_484\Debug\Custom Profile.a(PRS_1.o)
                0x00000c34                PRS_1_WritePulse1
 .text.CyBle_Init
                0x00000c54       0x2c .\CortexM0\ARM_GCC_484\Debug\Custom Profile.a(BLE_1.o)
                0x00000c54                CyBle_Init
 .text.CyBle_ServiceInit
                0x00000c80        0x8 .\CortexM0\ARM_GCC_484\Debug\Custom Profile.a(BLE_1.o)
                0x00000c80                CyBle_ServiceInit
 .text.CyBle_Start
                0x00000c88       0x90 .\CortexM0\ARM_GCC_484\Debug\Custom Profile.a(BLE_1.o)
                0x00000c88                CyBle_Start
 .text.CyBle_GappStartAdvertisement
                0x00000d18       0xc4 .\CortexM0\ARM_GCC_484\Debug\Custom Profile.a(BLE_1.o)
                0x00000d18                CyBle_GappStartAdvertisement
 .text.CyBle_ChangeAdDeviceAddress
                0x00000ddc       0x60 .\CortexM0\ARM_GCC_484\Debug\Custom Profile.a(BLE_1.o)
                0x00000ddc                CyBle_ChangeAdDeviceAddress
 .text.CyBle_Get16ByPtr
                0x00000e3c       0x24 .\CortexM0\ARM_GCC_484\Debug\Custom Profile.a(BLE_1.o)
                0x00000e3c                CyBle_Get16ByPtr
 .text.CyBle_GattsWriteEventHandler
                0x00000e60       0xa0 .\CortexM0\ARM_GCC_484\Debug\Custom Profile.a(BLE_1_gatt.o)
                0x00000e60                CyBle_GattsWriteEventHandler
 .text.CyBle_WriteReqHandler
                0x00000f00       0x70 .\CortexM0\ARM_GCC_484\Debug\Custom Profile.a(BLE_1_eventHandler.o)
 .text.CyBle_ValueConfirmation
                0x00000f70       0x10 .\CortexM0\ARM_GCC_484\Debug\Custom Profile.a(BLE_1_eventHandler.o)
 .text.CyBle_GattDisconnectEventHandler
                0x00000f80       0x18 .\CortexM0\ARM_GCC_484\Debug\Custom Profile.a(BLE_1_eventHandler.o)
 .text.CyBle_TimeOutEventHandler
                0x00000f98       0x10 .\CortexM0\ARM_GCC_484\Debug\Custom Profile.a(BLE_1_eventHandler.o)
 .text.CyBle_GattConnectReqHandler
                0x00000fa8        0x8 .\CortexM0\ARM_GCC_484\Debug\Custom Profile.a(BLE_1_eventHandler.o)
 .text.CyBle_IsDeviceAddressValid
                0x00000fb0       0x60 .\CortexM0\ARM_GCC_484\Debug\Custom Profile.a(BLE_1_eventHandler.o)
 .text.CyBle_L2Cap_ConnParamUpdateRspEventHandler
                0x00001010       0x14 .\CortexM0\ARM_GCC_484\Debug\Custom Profile.a(BLE_1_eventHandler.o)
 .text.CyBle_GapConnUpdateCompleteEventHandler
                0x00001024       0x10 .\CortexM0\ARM_GCC_484\Debug\Custom Profile.a(BLE_1_eventHandler.o)
 .text.CyBle_EventHandler
                0x00001034      0x2d8 .\CortexM0\ARM_GCC_484\Debug\Custom Profile.a(BLE_1_eventHandler.o)
                0x00001034                CyBle_EventHandler
 .text.CapSense_Init
                0x0000130c       0x3c .\CortexM0\ARM_GCC_484\Debug\Custom Profile.a(CapSense.o)
                0x0000130c                CapSense_Init
 .text.CapSense_CsdHwBlockInit
                0x00001348       0xbc .\CortexM0\ARM_GCC_484\Debug\Custom Profile.a(CapSense.o)
                0x00001348                CapSense_CsdHwBlockInit
 .text.CapSense_Enable
                0x00001404       0x54 .\CortexM0\ARM_GCC_484\Debug\Custom Profile.a(CapSense.o)
                0x00001404                CapSense_Enable
 .text.CapSense_Start
                0x00001458       0x44 .\CortexM0\ARM_GCC_484\Debug\Custom Profile.a(CapSense.o)
                0x00001458                CapSense_Start
 .text.CapSense_FindNextSensor
                0x0000149c       0x48 .\CortexM0\ARM_GCC_484\Debug\Custom Profile.a(CapSense.o)
                0x0000149c                CapSense_FindNextSensor
 .text.CapSense_ScanSensor
                0x000014e4       0x34 .\CortexM0\ARM_GCC_484\Debug\Custom Profile.a(CapSense.o)
                0x000014e4                CapSense_ScanSensor
 .text.CapSense_ScanEnabledWidgets
                0x00001518       0x58 .\CortexM0\ARM_GCC_484\Debug\Custom Profile.a(CapSense.o)
                0x00001518                CapSense_ScanEnabledWidgets
 .text.CapSense_IsBusy
                0x00001570       0x1c .\CortexM0\ARM_GCC_484\Debug\Custom Profile.a(CapSense.o)
                0x00001570                CapSense_IsBusy
 .text.CapSense_ReadSensorRaw
                0x0000158c       0x1c .\CortexM0\ARM_GCC_484\Debug\Custom Profile.a(CapSense.o)
                0x0000158c                CapSense_ReadSensorRaw
 .text.CapSense_ClearSensors
                0x000015a8       0x28 .\CortexM0\ARM_GCC_484\Debug\Custom Profile.a(CapSense.o)
                0x000015a8                CapSense_ClearSensors
 .text.CapSense_EnableSensor
                0x000015d0       0xcc .\CortexM0\ARM_GCC_484\Debug\Custom Profile.a(CapSense.o)
                0x000015d0                CapSense_EnableSensor
 .text.CapSense_DisableSensor
                0x0000169c      0x120 .\CortexM0\ARM_GCC_484\Debug\Custom Profile.a(CapSense.o)
                0x0000169c                CapSense_DisableSensor
 .text.CapSense_PreScan
                0x000017bc      0x180 .\CortexM0\ARM_GCC_484\Debug\Custom Profile.a(CapSense.o)
                0x000017bc                CapSense_PreScan
 .text.CapSense_PostScan
                0x0000193c       0xc8 .\CortexM0\ARM_GCC_484\Debug\Custom Profile.a(CapSense.o)
                0x0000193c                CapSense_PostScan
 .text.CapSense_SetShieldDelay
                0x00001a04       0x30 .\CortexM0\ARM_GCC_484\Debug\Custom Profile.a(CapSense.o)
                0x00001a04                CapSense_SetShieldDelay
 .text.CapSense_GetBitValue
                0x00001a34       0x44 .\CortexM0\ARM_GCC_484\Debug\Custom Profile.a(CapSense.o)
                0x00001a34                CapSense_GetBitValue
 .text.CapSense_SetBitValue
                0x00001a78       0x68 .\CortexM0\ARM_GCC_484\Debug\Custom Profile.a(CapSense.o)
                0x00001a78                CapSense_SetBitValue
 .text.CapSense_GetSensorRaw
                0x00001ae0       0x50 .\CortexM0\ARM_GCC_484\Debug\Custom Profile.a(CapSense.o)
                0x00001ae0                CapSense_GetSensorRaw
 .text.CapSense_NormalizeWidgets
                0x00001b30       0x9c .\CortexM0\ARM_GCC_484\Debug\Custom Profile.a(CapSense.o)
                0x00001b30                CapSense_NormalizeWidgets
 .text.CapSense_BaseInit
                0x00001bcc       0x58 .\CortexM0\ARM_GCC_484\Debug\Custom Profile.a(CapSense_CSHL.o)
                0x00001bcc                CapSense_BaseInit
 .text.CapSense_InitializeSensorBaseline
                0x00001c24       0x2c .\CortexM0\ARM_GCC_484\Debug\Custom Profile.a(CapSense_CSHL.o)
                0x00001c24                CapSense_InitializeSensorBaseline
 .text.CapSense_InitializeAllBaselines
                0x00001c50       0x28 .\CortexM0\ARM_GCC_484\Debug\Custom Profile.a(CapSense_CSHL.o)
                0x00001c50                CapSense_InitializeAllBaselines
 .text.CapSense_UpdateBaselineNoThreshold
                0x00001c78      0x228 .\CortexM0\ARM_GCC_484\Debug\Custom Profile.a(CapSense_CSHL.o)
                0x00001c78                CapSense_UpdateBaselineNoThreshold
 .text.CapSense_UpdateSensorBaseline
                0x00001ea0       0x20 .\CortexM0\ARM_GCC_484\Debug\Custom Profile.a(CapSense_CSHL.o)
                0x00001ea0                CapSense_UpdateSensorBaseline
 .text.CapSense_UpdateEnabledBaselines
                0x00001ec0       0x40 .\CortexM0\ARM_GCC_484\Debug\Custom Profile.a(CapSense_CSHL.o)
                0x00001ec0                CapSense_UpdateEnabledBaselines
 .text.CapSense_FindMaximum
                0x00001f00       0xac .\CortexM0\ARM_GCC_484\Debug\Custom Profile.a(CapSense_CSHL.o)
                0x00001f00                CapSense_FindMaximum
 .text.CapSense_CalcCentroid
                0x00001fac      0x194 .\CortexM0\ARM_GCC_484\Debug\Custom Profile.a(CapSense_CSHL.o)
                0x00001fac                CapSense_CalcCentroid
 .text.CapSense_GetCentroidPos
                0x00002140      0x1bc .\CortexM0\ARM_GCC_484\Debug\Custom Profile.a(CapSense_CSHL.o)
                0x00002140                CapSense_GetCentroidPos
 .text.CapSense_AveragingFilter
                0x000022fc       0x3c .\CortexM0\ARM_GCC_484\Debug\Custom Profile.a(CapSense_CSHL.o)
                0x000022fc                CapSense_AveragingFilter
 .text.CapSense_IIR4Filter
                0x00002338       0x3c .\CortexM0\ARM_GCC_484\Debug\Custom Profile.a(CapSense_CSHL.o)
                0x00002338                CapSense_IIR4Filter
 .text.CapSense_ISR
                0x00002374       0xd4 .\CortexM0\ARM_GCC_484\Debug\Custom Profile.a(CapSense_INT.o)
                0x00002374                CapSense_ISR
 .text.CapSense_AutoTune
                0x00002448      0x104 .\CortexM0\ARM_GCC_484\Debug\Custom Profile.a(CapSense_SMS.o)
                0x00002448                CapSense_AutoTune
 .text.CapSense_UpdateThresholds
                0x0000254c       0xec .\CortexM0\ARM_GCC_484\Debug\Custom Profile.a(CapSense_SMS.o)
                0x0000254c                CapSense_UpdateThresholds
 .text.CapSense_SetAnalogSwitchesSrcDirect
                0x00002638       0x18 .\CortexM0\ARM_GCC_484\Debug\Custom Profile.a(CapSense_SMS.o)
                0x00002638                CapSense_SetAnalogSwitchesSrcDirect
 .text.CapSense_DisableBaselineIDAC
                0x00002650       0x34 .\CortexM0\ARM_GCC_484\Debug\Custom Profile.a(CapSense_SMS.o)
                0x00002650                CapSense_DisableBaselineIDAC
 .text.CapSense_EnableBaselineIDAC
                0x00002684       0x8c .\CortexM0\ARM_GCC_484\Debug\Custom Profile.a(CapSense_SMS.o)
                0x00002684                CapSense_EnableBaselineIDAC
 .text.BLUE_SetDriveMode
                0x00002710       0x30 .\CortexM0\ARM_GCC_484\Debug\Custom Profile.a(BLUE.o)
                0x00002710                BLUE_SetDriveMode
 .text.CapSense_SampleClk_StartEx
                0x00002740       0x2c .\CortexM0\ARM_GCC_484\Debug\Custom Profile.a(CapSense_SampleClk.o)
                0x00002740                CapSense_SampleClk_StartEx
 .text.CapSense_SampleClk_Stop
                0x0000276c       0x20 .\CortexM0\ARM_GCC_484\Debug\Custom Profile.a(CapSense_SampleClk.o)
                0x0000276c                CapSense_SampleClk_Stop
 .text.CapSense_SampleClk_SetFractionalDividerRegister
                0x0000278c       0x44 .\CortexM0\ARM_GCC_484\Debug\Custom Profile.a(CapSense_SampleClk.o)
                0x0000278c                CapSense_SampleClk_SetFractionalDividerRegister
 .text.CapSense_SenseClk_StartEx
                0x000027d0       0x2c .\CortexM0\ARM_GCC_484\Debug\Custom Profile.a(CapSense_SenseClk.o)
                0x000027d0                CapSense_SenseClk_StartEx
 .text.CapSense_SenseClk_Stop
                0x000027fc       0x20 .\CortexM0\ARM_GCC_484\Debug\Custom Profile.a(CapSense_SenseClk.o)
                0x000027fc                CapSense_SenseClk_Stop
 .text.CapSense_SenseClk_SetFractionalDividerRegister
                0x0000281c       0x44 .\CortexM0\ARM_GCC_484\Debug\Custom Profile.a(CapSense_SenseClk.o)
                0x0000281c                CapSense_SenseClk_SetFractionalDividerRegister
 .text          0x00002860       0x20 .\CortexM0\ARM_GCC_484\Debug\Custom Profile.a(CyBootAsmGnu.o)
                0x00002860                CyDelayCycles
                0x00002872                CyEnterCriticalSection
                0x0000287a                CyExitCriticalSection
 .text.CySysClkWcoSetHighPowerMode
                0x00002880       0x3c .\CortexM0\ARM_GCC_484\Debug\Custom Profile.a(CyLib.o)
 .text.CySysClkWcoSetLowPowerMode
                0x000028bc       0x48 .\CortexM0\ARM_GCC_484\Debug\Custom Profile.a(CyLib.o)
 .text.CySysClkEcoStart
                0x00002904       0x74 .\CortexM0\ARM_GCC_484\Debug\Custom Profile.a(CyLib.o)
                0x00002904                CySysClkEcoStart
 .text.CySysClkEcoReadStatus
                0x00002978       0x18 .\CortexM0\ARM_GCC_484\Debug\Custom Profile.a(CyLib.o)
                0x00002978                CySysClkEcoReadStatus
 .text.CySysClkWcoStart
                0x00002990       0x20 .\CortexM0\ARM_GCC_484\Debug\Custom Profile.a(CyLib.o)
                0x00002990                CySysClkWcoStart
 .text.CySysClkWcoSetPowerMode
                0x000029b0       0x40 .\CortexM0\ARM_GCC_484\Debug\Custom Profile.a(CyLib.o)
                0x000029b0                CySysClkWcoSetPowerMode
 .text.CyIntSetVector
                0x000029f0       0x4c .\CortexM0\ARM_GCC_484\Debug\Custom Profile.a(CyLib.o)
                0x000029f0                CyIntSetVector
 .text.CyIntSetPriority
                0x00002a3c       0xa8 .\CortexM0\ARM_GCC_484\Debug\Custom Profile.a(CyLib.o)
                0x00002a3c                CyIntSetPriority
 .text.CyIntEnable
                0x00002ae4       0x2c .\CortexM0\ARM_GCC_484\Debug\Custom Profile.a(CyLib.o)
                0x00002ae4                CyIntEnable
 .text.CyIntDisable
                0x00002b10       0x2c .\CortexM0\ARM_GCC_484\Debug\Custom Profile.a(CyLib.o)
                0x00002b10                CyIntDisable
 .text.CyIntClearPending
                0x00002b3c       0x2c .\CortexM0\ARM_GCC_484\Debug\Custom Profile.a(CyLib.o)
                0x00002b3c                CyIntClearPending
 .text.CyHalt   0x00002b68       0x14 .\CortexM0\ARM_GCC_484\Debug\Custom Profile.a(CyLib.o)
                0x00002b68                CyHalt
 .text.CyDelay  0x00002b7c       0x48 .\CortexM0\ARM_GCC_484\Debug\Custom Profile.a(CyLib.o)
                0x00002b7c                CyDelay
 .text.CyDelayUs
                0x00002bc4       0x28 .\CortexM0\ARM_GCC_484\Debug\Custom Profile.a(CyLib.o)
                0x00002bc4                CyDelayUs
 .text.CalibrateOneDAC_P4_v2_10
                0x00002bec       0x44 C:\Program Files (x86)\Cypress\PSoC Creator\3.1\PSoC Creator\psoc\content\cycomponentlibrary\CyComponentLibrary.cylib\CapSense_CSD_P4_v2_10\PSoC4\Library\CapsenseP4Library_GCC.a(CSD_P4_SmartSense_v2_10.o)
                0x00002bec                CalibrateOneDAC_P4_v2_10
 .text.CalibrateSensors_P4_v2_10
                0x00002c30       0x22 C:\Program Files (x86)\Cypress\PSoC Creator\3.1\PSoC Creator\psoc\content\cycomponentlibrary\CyComponentLibrary.cylib\CapSense_CSD_P4_v2_10\PSoC4\Library\CapsenseP4Library_GCC.a(CSD_P4_SmartSense_v2_10.o)
                0x00002c30                CalibrateSensors_P4_v2_10
 *fill*         0x00002c52        0x2 
 .text.TunePrescalers_P4_v2_10
                0x00002c54       0x48 C:\Program Files (x86)\Cypress\PSoC Creator\3.1\PSoC Creator\psoc\content\cycomponentlibrary\CyComponentLibrary.cylib\CapSense_CSD_P4_v2_10\PSoC4\Library\CapsenseP4Library_GCC.a(CSD_P4_SmartSense_v2_10.o)
                0x00002c54                TunePrescalers_P4_v2_10
 .text.TuneSensitivity_P4_v2_10
                0x00002c9c      0x100 C:\Program Files (x86)\Cypress\PSoC Creator\3.1\PSoC Creator\psoc\content\cycomponentlibrary\CyComponentLibrary.cylib\CapSense_CSD_P4_v2_10\PSoC4\Library\CapsenseP4Library_GCC.a(CSD_P4_SmartSense_v2_10.o)
                0x00002c9c                TuneSensitivity_P4_v2_10
 .text.MeasureNoiseEnvelope_P4_v2_10
                0x00002d9c      0x118 C:\Program Files (x86)\Cypress\PSoC Creator\3.1\PSoC Creator\psoc\content\cycomponentlibrary\CyComponentLibrary.cylib\CapSense_CSD_P4_v2_10\PSoC4\Library\CapsenseP4Library_GCC.a(CSD_P4_SmartSense_v2_10.o)
                0x00002d9c                MeasureNoiseEnvelope_P4_v2_10
 .text.CalculateThresholds_P4_v2_10
                0x00002eb4       0x44 C:\Program Files (x86)\Cypress\PSoC Creator\3.1\PSoC Creator\psoc\content\cycomponentlibrary\CyComponentLibrary.cylib\CapSense_CSD_P4_v2_10\PSoC4\Library\CapsenseP4Library_GCC.a(CSD_P4_SmartSense_v2_10.o)
                0x00002eb4                CalculateThresholds_P4_v2_10
 .text.CyBLE_Bless_LlRegWrite
                0x00002ef8       0x1c .\CortexM0\ARM_GCC_484\Debug\Custom Profile.a(BLE_1_HAL_PVT.o)
                0x00002ef8                CyBLE_Bless_LlRegWrite
 .text.CyBLE_Bless_RfRegWrite
                0x00002f14       0x1c .\CortexM0\ARM_GCC_484\Debug\Custom Profile.a(BLE_1_HAL_PVT.o)
                0x00002f14                CyBLE_Bless_RfRegWrite
 .text.CyBleHal_DelayUs
                0x00002f30       0x1c .\CortexM0\ARM_GCC_484\Debug\Custom Profile.a(BLE_1_HAL_PVT.o)
                0x00002f30                CyBleHal_DelayUs
 .text.CyBleHal_EnableGlobalInterrupts
                0x00002f4c        0xc .\CortexM0\ARM_GCC_484\Debug\Custom Profile.a(BLE_1_HAL_PVT.o)
                0x00002f4c                CyBleHal_EnableGlobalInterrupts
 .text.CyBleHal_DisableGlobalInterrupts
                0x00002f58        0xc .\CortexM0\ARM_GCC_484\Debug\Custom Profile.a(BLE_1_HAL_PVT.o)
                0x00002f58                CyBleHal_DisableGlobalInterrupts
 .text.CyBle_HalInit
                0x00002f64       0x20 .\CortexM0\ARM_GCC_484\Debug\Custom Profile.a(BLE_1_HAL_PVT.o)
                0x00002f64                CyBle_HalInit
 .text.CYBLE_BlessStart
                0x00002f84       0x14 .\CortexM0\ARM_GCC_484\Debug\Custom Profile.a(BLE_1_HAL_PVT.o)
                0x00002f84                CYBLE_BlessStart
 .text.BLE_1_bless_isr_StartEx
                0x00002f98       0x24 .\CortexM0\ARM_GCC_484\Debug\Custom Profile.a(BLE_1_bless_isr.o)
                0x00002f98                BLE_1_bless_isr_StartEx
 .text.BLE_1_bless_isr_SetVector
                0x00002fbc       0x18 .\CortexM0\ARM_GCC_484\Debug\Custom Profile.a(BLE_1_bless_isr.o)
                0x00002fbc                BLE_1_bless_isr_SetVector
 .text.BLE_1_bless_isr_SetPriority
                0x00002fd4       0x50 .\CortexM0\ARM_GCC_484\Debug\Custom Profile.a(BLE_1_bless_isr.o)
                0x00002fd4                BLE_1_bless_isr_SetPriority
 .text.BLE_1_bless_isr_Enable
                0x00003024       0x14 .\CortexM0\ARM_GCC_484\Debug\Custom Profile.a(BLE_1_bless_isr.o)
                0x00003024                BLE_1_bless_isr_Enable
 .text.BLE_1_bless_isr_Disable
                0x00003038       0x14 .\CortexM0\ARM_GCC_484\Debug\Custom Profile.a(BLE_1_bless_isr.o)
                0x00003038                BLE_1_bless_isr_Disable
 .text.CySysPmSleep
                0x0000304c       0x34 .\CortexM0\ARM_GCC_484\Debug\Custom Profile.a(cyPm.o)
                0x0000304c                CySysPmSleep
 .text.CyBLE_Bless_Interrupt
                0x00003080        0xc .\CortexM0\ARM_GCC_484\Debug\Custom Profile.a(BLE_1_HAL_INT.o)
                0x00003080                CyBLE_Bless_Interrupt
 .text          0x0000308c       0x9c c:/program files (x86)/cypress/psoc creator/3.1/psoc creator/import/gnu_cs/arm/4.8.4/bin/../lib/gcc/arm-none-eabi/4.8.4/armv6-m\libgcc.a(_udivsi3.o)
                0x0000308c                __aeabi_uidiv
                0x0000308c                __udivsi3
                0x00003114                __aeabi_uidivmod
 .text          0x00003128       0xc0 c:/program files (x86)/cypress/psoc creator/3.1/psoc creator/import/gnu_cs/arm/4.8.4/bin/../lib/gcc/arm-none-eabi/4.8.4/armv6-m\libgcc.a(_divsi3.o)
                0x00003128                __divsi3
                0x00003128                __aeabi_idiv
                0x000031d4                __aeabi_idivmod
 .text          0x000031e8        0x4 c:/program files (x86)/cypress/psoc creator/3.1/psoc creator/import/gnu_cs/arm/4.8.4/bin/../lib/gcc/arm-none-eabi/4.8.4/armv6-m\libgcc.a(_dvmd_tls.o)
                0x000031e8                __aeabi_idiv0
                0x000031e8                __aeabi_ldiv0
 .text.__libc_init_array
                0x000031ec       0x4c c:/program files (x86)/cypress/psoc creator/3.1/psoc creator/import/gnu_cs/arm/4.8.4/bin/../lib/gcc/arm-none-eabi/4.8.4/../../../../arm-none-eabi/lib/armv6-m\libg_s.a(lib_a-init.o)
                0x000031ec                __libc_init_array
 .text.memcmp   0x00003238       0x1e c:/program files (x86)/cypress/psoc creator/3.1/psoc creator/import/gnu_cs/arm/4.8.4/bin/../lib/gcc/arm-none-eabi/4.8.4/../../../../arm-none-eabi/lib/armv6-m\libg_s.a(lib_a-memcmp.o)
                0x00003238                memcmp
 .text.memcpy   0x00003256       0x12 c:/program files (x86)/cypress/psoc creator/3.1/psoc creator/import/gnu_cs/arm/4.8.4/bin/../lib/gcc/arm-none-eabi/4.8.4/../../../../arm-none-eabi/lib/armv6-m\libg_s.a(lib_a-memcpy-stub.o)
                0x00003256                memcpy
 .text.memset   0x00003268       0x10 c:/program files (x86)/cypress/psoc creator/3.1/psoc creator/import/gnu_cs/arm/4.8.4/bin/../lib/gcc/arm-none-eabi/4.8.4/../../../../arm-none-eabi/lib/armv6-m\libg_s.a(lib_a-memset.o)
                0x00003268                memset
 *(.plt)
 *(.gnu.warning)
 *(.glue_7t)
 .glue_7t       0x00000000        0x0 linker stubs
 *(.glue_7)
 .glue_7        0x00000000        0x0 linker stubs
 *(.vfp11_veneer)
 .vfp11_veneer  0x00000000        0x0 linker stubs
 *(.bootloader)
 *(.ARM.extab* .gnu.linkonce.armextab.*)
 *(.gcc_except_table)

.v4_bx          0x00003278        0x0
 .v4_bx         0x00000000        0x0 linker stubs

.iplt           0x00003278        0x0
 .iplt          0x00000000        0x0 c:/program files (x86)/cypress/psoc creator/3.1/psoc creator/import/gnu_cs/arm/4.8.4/bin/../lib/gcc/arm-none-eabi/4.8.4/armv6-m/crtbegin.o

i.CyBle_ExitLPM
                0x00003278        0x8
 i.CyBle_ExitLPM
                0x00003278        0x8 C:\Program Files (x86)\Cypress\PSoC Creator\3.1\PSoC Creator\psoc\content\cycomponentlibrary\CyComponentLibrary.cylib\BLE_v1_20\Library\gccCyBLEStack_BLE_SOC_PERIPHERAL.a(CyBle.o)
                0x00003278                CyBle_ExitLPM

i.CyBle_ProcessEvents
                0x00003280        0x8
 i.CyBle_ProcessEvents
                0x00003280        0x8 C:\Program Files (x86)\Cypress\PSoC Creator\3.1\PSoC Creator\psoc\content\cycomponentlibrary\CyComponentLibrary.cylib\BLE_v1_20\Library\gccCyBLEStack_BLE_SOC_PERIPHERAL.a(CyBle.o)
                0x00003280                CyBle_ProcessEvents

i.CyBle_SetDeviceAddress
                0x00003288       0x24
 i.CyBle_SetDeviceAddress
                0x00003288       0x24 C:\Program Files (x86)\Cypress\PSoC Creator\3.1\PSoC Creator\psoc\content\cycomponentlibrary\CyComponentLibrary.cylib\BLE_v1_20\Library\gccCyBLEStack_BLE_SOC_PERIPHERAL.a(CyBle.o)
                0x00003288                CyBle_SetDeviceAddress

i.CyBle_StackInit
                0x000032ac       0x84
 i.CyBle_StackInit
                0x000032ac       0x84 C:\Program Files (x86)\Cypress\PSoC Creator\3.1\PSoC Creator\psoc\content\cycomponentlibrary\CyComponentLibrary.cylib\BLE_v1_20\Library\gccCyBLEStack_BLE_SOC_PERIPHERAL.a(CyBle.o)
                0x000032ac                CyBle_StackInit

i.CyBleStackMgr_BleGetConfigData
                0x00003330        0x4
 i.CyBleStackMgr_BleGetConfigData
                0x00003330        0x4 C:\Program Files (x86)\Cypress\PSoC Creator\3.1\PSoC Creator\psoc\content\cycomponentlibrary\CyComponentLibrary.cylib\BLE_v1_20\Library\gccCyBLEStack_BLE_SOC_PERIPHERAL.a(CyBleStackMgrIP_Interface.o)
                0x00003330                CyBleStackMgr_BleGetConfigData

i.CyBleStackMgr_BleSetConfigData
                0x00003334        0x4
 i.CyBleStackMgr_BleSetConfigData
                0x00003334        0x4 C:\Program Files (x86)\Cypress\PSoC Creator\3.1\PSoC Creator\psoc\content\cycomponentlibrary\CyComponentLibrary.cylib\BLE_v1_20\Library\gccCyBLEStack_BLE_SOC_PERIPHERAL.a(CyBleStackMgrIP_Interface.o)
                0x00003334                CyBleStackMgr_BleSetConfigData

i.CyBleStackMgr_Init
                0x00003338      0x104
 i.CyBleStackMgr_Init
                0x00003338      0x104 C:\Program Files (x86)\Cypress\PSoC Creator\3.1\PSoC Creator\psoc\content\cycomponentlibrary\CyComponentLibrary.cylib\BLE_v1_20\Library\gccCyBLEStack_BLE_SOC_PERIPHERAL.a(CyBleStackMgrIP_Interface.o)
                0x00003338                CyBleStackMgr_Init

i.CyBleStackMgr_ProcessBleEvents
                0x0000343c       0x14
 i.CyBleStackMgr_ProcessBleEvents
                0x0000343c       0x14 C:\Program Files (x86)\Cypress\PSoC Creator\3.1\PSoC Creator\psoc\content\cycomponentlibrary\CyComponentLibrary.cylib\BLE_v1_20\Library\gccCyBLEStack_BLE_SOC_PERIPHERAL.a(CyBleStackMgrIP_Interface.o)
                0x0000343c                CyBleStackMgr_ProcessBleEvents

i.ble_stack_idle_task_callback
                0x00003450        0x2
 i.ble_stack_idle_task_callback
                0x00003450        0x2 C:\Program Files (x86)\Cypress\PSoC Creator\3.1\PSoC Creator\psoc\content\cycomponentlibrary\CyComponentLibrary.cylib\BLE_v1_20\Library\gccCyBLEStack_BLE_SOC_PERIPHERAL.a(CyBleStackMgrIP_Interface.o)
                0x00003450                ble_stack_idle_task_callback

i.BT_OSFreeBuf  0x00003454       0x18
 i.BT_OSFreeBuf
                0x00003454       0x18 C:\Program Files (x86)\Cypress\PSoC Creator\3.1\PSoC Creator\psoc\content\cycomponentlibrary\CyComponentLibrary.cylib\BLE_v1_20\Library\gccCyBLEStack_BLE_SOC_PERIPHERAL.a(BT_os.o)
                0x00003454                BT_OSFreeBuf

i.BT_OSGetBuF   0x0000346c       0x1c
 i.BT_OSGetBuF  0x0000346c       0x1c C:\Program Files (x86)\Cypress\PSoC Creator\3.1\PSoC Creator\psoc\content\cycomponentlibrary\CyComponentLibrary.cylib\BLE_v1_20\Library\gccCyBLEStack_BLE_SOC_PERIPHERAL.a(BT_os.o)
                0x0000346c                BT_OSGetBuF

i.BT_OSMemCreate
                0x00003488       0x1c
 i.BT_OSMemCreate
                0x00003488       0x1c C:\Program Files (x86)\Cypress\PSoC Creator\3.1\PSoC Creator\psoc\content\cycomponentlibrary\CyComponentLibrary.cylib\BLE_v1_20\Library\gccCyBLEStack_BLE_SOC_PERIPHERAL.a(BT_os.o)
                0x00003488                BT_OSMemCreate

i.BT_alloc_mem_ext
                0x000034a4       0x34
 i.BT_alloc_mem_ext
                0x000034a4       0x34 C:\Program Files (x86)\Cypress\PSoC Creator\3.1\PSoC Creator\psoc\content\cycomponentlibrary\CyComponentLibrary.cylib\BLE_v1_20\Library\gccCyBLEStack_BLE_SOC_PERIPHERAL.a(BT_os.o)
                0x000034a4                BT_alloc_mem_ext

i.BT_free_mem   0x000034d8        0xc
 i.BT_free_mem  0x000034d8        0xc C:\Program Files (x86)\Cypress\PSoC Creator\3.1\PSoC Creator\psoc\content\cycomponentlibrary\CyComponentLibrary.cylib\BLE_v1_20\Library\gccCyBLEStack_BLE_SOC_PERIPHERAL.a(BT_os.o)
                0x000034d8                BT_free_mem

i.bt_stack_init_os
                0x000034e4       0x34
 i.bt_stack_init_os
                0x000034e4       0x34 C:\Program Files (x86)\Cypress\PSoC Creator\3.1\PSoC Creator\psoc\content\cycomponentlibrary\CyComponentLibrary.cylib\BLE_v1_20\Library\gccCyBLEStack_BLE_SOC_PERIPHERAL.a(BT_os.o)
                0x000034e4                bt_stack_init_os

i.CyBle_CheckBleStackTaskStatus
                0x00003518        0x4
 i.CyBle_CheckBleStackTaskStatus
                0x00003518        0x4 C:\Program Files (x86)\Cypress\PSoC Creator\3.1\PSoC Creator\psoc\content\cycomponentlibrary\CyComponentLibrary.cylib\BLE_v1_20\Library\gccCyBLEStack_BLE_SOC_PERIPHERAL.a(CyBleStackMgr_StackTaskHandler.o)
                0x00003518                CyBle_CheckBleStackTaskStatus

i.CyBle_CreateBleStackTask
                0x0000351c       0x2c
 i.CyBle_CreateBleStackTask
                0x0000351c       0x2c C:\Program Files (x86)\Cypress\PSoC Creator\3.1\PSoC Creator\psoc\content\cycomponentlibrary\CyComponentLibrary.cylib\BLE_v1_20\Library\gccCyBLEStack_BLE_SOC_PERIPHERAL.a(CyBleStackMgr_StackTaskHandler.o)
                0x0000351c                CyBle_CreateBleStackTask

i.CyBle_SignalBleStackTask
                0x00003548       0x50
 i.CyBle_SignalBleStackTask
                0x00003548       0x50 C:\Program Files (x86)\Cypress\PSoC Creator\3.1\PSoC Creator\psoc\content\cycomponentlibrary\CyComponentLibrary.cylib\BLE_v1_20\Library\gccCyBLEStack_BLE_SOC_PERIPHERAL.a(CyBleStackMgr_StackTaskHandler.o)
                0x00003548                CyBle_SignalBleStackTask

i.CyBle_StackTaskHandler
                0x00003598       0x5c
 i.CyBle_StackTaskHandler
                0x00003598       0x5c C:\Program Files (x86)\Cypress\PSoC Creator\3.1\PSoC Creator\psoc\content\cycomponentlibrary\CyComponentLibrary.cylib\BLE_v1_20\Library\gccCyBLEStack_BLE_SOC_PERIPHERAL.a(CyBleStackMgr_StackTaskHandler.o)
                0x00003598                CyBle_StackTaskHandler

i.__ARM_common_switch8
                0x000035f4       0x1a
 i.__ARM_common_switch8
                0x000035f4       0x1a C:\Program Files (x86)\Cypress\PSoC Creator\3.1\PSoC Creator\psoc\content\cycomponentlibrary\CyComponentLibrary.cylib\BLE_v1_20\Library\gccCyBLEStack_BLE_SOC_PERIPHERAL.a(CyBleStackMgr_StackTaskHandler.o)
                0x000035f4                __ARM_common_switch8

i.hci_soft_transport_notify_data_received
                0x00003610        0xc
 i.hci_soft_transport_notify_data_received
                0x00003610        0xc C:\Program Files (x86)\Cypress\PSoC Creator\3.1\PSoC Creator\psoc\content\cycomponentlibrary\CyComponentLibrary.cylib\BLE_v1_20\Library\gccCyBLEStack_BLE_SOC_PERIPHERAL.a(transport_sf.o)
                0x00003610                hci_soft_transport_notify_data_received

i.hci_soft_transport_rx_data
                0x0000361c       0x40
 i.hci_soft_transport_rx_data
                0x0000361c       0x40 C:\Program Files (x86)\Cypress\PSoC Creator\3.1\PSoC Creator\psoc\content\cycomponentlibrary\CyComponentLibrary.cylib\BLE_v1_20\Library\gccCyBLEStack_BLE_SOC_PERIPHERAL.a(transport_sf.o)
                0x0000361c                hci_soft_transport_rx_data

i.hci_transport_bt_init
                0x0000365c        0x2
 i.hci_transport_bt_init
                0x0000365c        0x2 C:\Program Files (x86)\Cypress\PSoC Creator\3.1\PSoC Creator\psoc\content\cycomponentlibrary\CyComponentLibrary.cylib\BLE_v1_20\Library\gccCyBLEStack_BLE_SOC_PERIPHERAL.a(transport_sf.o)
                0x0000365c                hci_transport_bt_init

i.hci_transport_init
                0x00003660       0x10
 i.hci_transport_init
                0x00003660       0x10 C:\Program Files (x86)\Cypress\PSoC Creator\3.1\PSoC Creator\psoc\content\cycomponentlibrary\CyComponentLibrary.cylib\BLE_v1_20\Library\gccCyBLEStack_BLE_SOC_PERIPHERAL.a(transport_sf.o)
                0x00003660                hci_transport_init

i.hci_transport_write_data
                0x00003670       0xd4
 i.hci_transport_write_data
                0x00003670       0xd4 C:\Program Files (x86)\Cypress\PSoC Creator\3.1\PSoC Creator\psoc\content\cycomponentlibrary\CyComponentLibrary.cylib\BLE_v1_20\Library\gccCyBLEStack_BLE_SOC_PERIPHERAL.a(transport_sf.o)
                0x00003670                hci_transport_write_data

i.pf_hci_soft_transport_write
                0x00003744       0x44
 i.pf_hci_soft_transport_write
                0x00003744       0x44 C:\Program Files (x86)\Cypress\PSoC Creator\3.1\PSoC Creator\psoc\content\cycomponentlibrary\CyComponentLibrary.cylib\BLE_v1_20\Library\gccCyBLEStack_BLE_SOC_PERIPHERAL.a(transport_sf.o)
                0x00003744                pf_hci_soft_transport_write

i.pf_soft_hci_transport_init
                0x00003788        0xc
 i.pf_soft_hci_transport_init
                0x00003788        0xc C:\Program Files (x86)\Cypress\PSoC Creator\3.1\PSoC Creator\psoc\content\cycomponentlibrary\CyComponentLibrary.cylib\BLE_v1_20\Library\gccCyBLEStack_BLE_SOC_PERIPHERAL.a(transport_sf.o)
                0x00003788                pf_soft_hci_transport_init

i.CyBleStackMgr_GetTime
                0x00003794       0x14
 i.CyBleStackMgr_GetTime
                0x00003794       0x14 C:\Program Files (x86)\Cypress\PSoC Creator\3.1\PSoC Creator\psoc\content\cycomponentlibrary\CyComponentLibrary.cylib\BLE_v1_20\Library\gccCyBLEStack_BLE_SOC_PERIPHERAL.a(CyBleStackMgr_PSoCHal.o)
                0x00003794                CyBleStackMgr_GetTime

i.CyBleStackMgr_HalInit
                0x000037a8       0x24
 i.CyBleStackMgr_HalInit
                0x000037a8       0x24 C:\Program Files (x86)\Cypress\PSoC Creator\3.1\PSoC Creator\psoc\content\cycomponentlibrary\CyComponentLibrary.cylib\BLE_v1_20\Library\gccCyBLEStack_BLE_SOC_PERIPHERAL.a(CyBleStackMgr_PSoCHal.o)
                0x000037a8                CyBleStackMgr_HalInit

i.CyBleStackMgr_HalIntrEnable
                0x000037cc        0x8
 i.CyBleStackMgr_HalIntrEnable
                0x000037cc        0x8 C:\Program Files (x86)\Cypress\PSoC Creator\3.1\PSoC Creator\psoc\content\cycomponentlibrary\CyComponentLibrary.cylib\BLE_v1_20\Library\gccCyBLEStack_BLE_SOC_PERIPHERAL.a(CyBleStackMgr_PSoCHal.o)
                0x000037cc                CyBleStackMgr_HalIntrEnable

i.CyBleStackMgr_HandleLinkLayerTick
                0x000037d4       0x5c
 i.CyBleStackMgr_HandleLinkLayerTick
                0x000037d4       0x5c C:\Program Files (x86)\Cypress\PSoC Creator\3.1\PSoC Creator\psoc\content\cycomponentlibrary\CyComponentLibrary.cylib\BLE_v1_20\Library\gccCyBLEStack_BLE_SOC_PERIPHERAL.a(CyBleStackMgr_PSoCHal.o)
                0x000037d4                CyBleStackMgr_HandleLinkLayerTick

i.CyBleStackMgr_HciPortInit
                0x00003830        0xc
 i.CyBleStackMgr_HciPortInit
                0x00003830        0xc C:\Program Files (x86)\Cypress\PSoC Creator\3.1\PSoC Creator\psoc\content\cycomponentlibrary\CyComponentLibrary.cylib\BLE_v1_20\Library\gccCyBLEStack_BLE_SOC_PERIPHERAL.a(CyBleStackMgr_PSoCHal.o)
                0x00003830                CyBleStackMgr_HciPortInit

i.CyBleStackMgr_HciPortReset
                0x0000383c        0x2
 i.CyBleStackMgr_HciPortReset
                0x0000383c        0x2 C:\Program Files (x86)\Cypress\PSoC Creator\3.1\PSoC Creator\psoc\content\cycomponentlibrary\CyComponentLibrary.cylib\BLE_v1_20\Library\gccCyBLEStack_BLE_SOC_PERIPHERAL.a(CyBleStackMgr_PSoCHal.o)
                0x0000383c                CyBleStackMgr_HciPortReset

i.CyBleStackMgr_HciPortWrite
                0x0000383e        0x8
 i.CyBleStackMgr_HciPortWrite
                0x0000383e        0x8 C:\Program Files (x86)\Cypress\PSoC Creator\3.1\PSoC Creator\psoc\content\cycomponentlibrary\CyComponentLibrary.cylib\BLE_v1_20\Library\gccCyBLEStack_BLE_SOC_PERIPHERAL.a(CyBleStackMgr_PSoCHal.o)
                0x0000383e                CyBleStackMgr_HciPortWrite

i.CyBleStackMgr_ResetLinkLayerTimerEntity
                0x00003848       0x14
 i.CyBleStackMgr_ResetLinkLayerTimerEntity
                0x00003848       0x14 C:\Program Files (x86)\Cypress\PSoC Creator\3.1\PSoC Creator\psoc\content\cycomponentlibrary\CyComponentLibrary.cylib\BLE_v1_20\Library\gccCyBLEStack_BLE_SOC_PERIPHERAL.a(CyBleStackMgr_PSoCHal.o)
                0x00003848                CyBleStackMgr_ResetLinkLayerTimerEntity

i.CyBleStackMgr_TimerStart
                0x0000385c       0x2c
 i.CyBleStackMgr_TimerStart
                0x0000385c       0x2c C:\Program Files (x86)\Cypress\PSoC Creator\3.1\PSoC Creator\psoc\content\cycomponentlibrary\CyComponentLibrary.cylib\BLE_v1_20\Library\gccCyBLEStack_BLE_SOC_PERIPHERAL.a(CyBleStackMgr_PSoCHal.o)
                0x0000385c                CyBleStackMgr_TimerStart

i.CyBleStackMgr_TimerStop
                0x00003888       0x18
 i.CyBleStackMgr_TimerStop
                0x00003888       0x18 C:\Program Files (x86)\Cypress\PSoC Creator\3.1\PSoC Creator\psoc\content\cycomponentlibrary\CyComponentLibrary.cylib\BLE_v1_20\Library\gccCyBLEStack_BLE_SOC_PERIPHERAL.a(CyBleStackMgr_PSoCHal.o)
                0x00003888                CyBleStackMgr_TimerStop

i.CyBleStackMgr_isTimerRunning
                0x000038a0       0x10
 i.CyBleStackMgr_isTimerRunning
                0x000038a0       0x10 C:\Program Files (x86)\Cypress\PSoC Creator\3.1\PSoC Creator\psoc\content\cycomponentlibrary\CyComponentLibrary.cylib\BLE_v1_20\Library\gccCyBLEStack_BLE_SOC_PERIPHERAL.a(CyBleStackMgr_PSoCHal.o)
                0x000038a0                CyBleStackMgr_isTimerRunning

i.CyBleAtlantisRadioInit
                0x000038b0      0x1ac
 i.CyBleAtlantisRadioInit
                0x000038b0      0x1ac C:\Program Files (x86)\Cypress\PSoC Creator\3.1\PSoC Creator\psoc\content\cycomponentlibrary\CyComponentLibrary.cylib\BLE_v1_20\Library\gccCyBLEStack_BLE_SOC_PERIPHERAL.a(CyBleStackMgr_BleSSDriver.o)

i.CyBleStackMgr_BleSSFifoRead
                0x00003a5c       0x38
 i.CyBleStackMgr_BleSSFifoRead
                0x00003a5c       0x38 C:\Program Files (x86)\Cypress\PSoC Creator\3.1\PSoC Creator\psoc\content\cycomponentlibrary\CyComponentLibrary.cylib\BLE_v1_20\Library\gccCyBLEStack_BLE_SOC_PERIPHERAL.a(CyBleStackMgr_BleSSDriver.o)
                0x00003a5c                CyBleStackMgr_BleSSFifoRead

i.CyBleStackMgr_BleSSFifoWrite
                0x00003a94       0x30
 i.CyBleStackMgr_BleSSFifoWrite
                0x00003a94       0x30 C:\Program Files (x86)\Cypress\PSoC Creator\3.1\PSoC Creator\psoc\content\cycomponentlibrary\CyComponentLibrary.cylib\BLE_v1_20\Library\gccCyBLEStack_BLE_SOC_PERIPHERAL.a(CyBleStackMgr_BleSSDriver.o)
                0x00003a94                CyBleStackMgr_BleSSFifoWrite

i.CyBleStackMgr_BleSSInit
                0x00003ac4       0x50
 i.CyBleStackMgr_BleSSInit
                0x00003ac4       0x50 C:\Program Files (x86)\Cypress\PSoC Creator\3.1\PSoC Creator\psoc\content\cycomponentlibrary\CyComponentLibrary.cylib\BLE_v1_20\Library\gccCyBLEStack_BLE_SOC_PERIPHERAL.a(CyBleStackMgr_BleSSDriver.o)
                0x00003ac4                CyBleStackMgr_BleSSInit

i.CyBleStackMgr_BleSSMemRead
                0x00003b14       0x26
 i.CyBleStackMgr_BleSSMemRead
                0x00003b14       0x26 C:\Program Files (x86)\Cypress\PSoC Creator\3.1\PSoC Creator\psoc\content\cycomponentlibrary\CyComponentLibrary.cylib\BLE_v1_20\Library\gccCyBLEStack_BLE_SOC_PERIPHERAL.a(CyBleStackMgr_BleSSDriver.o)
                0x00003b14                CyBleStackMgr_BleSSMemRead

i.CyBleStackMgr_BleSSMemWrite
                0x00003b3c       0x34
 i.CyBleStackMgr_BleSSMemWrite
                0x00003b3c       0x34 C:\Program Files (x86)\Cypress\PSoC Creator\3.1\PSoC Creator\psoc\content\cycomponentlibrary\CyComponentLibrary.cylib\BLE_v1_20\Library\gccCyBLEStack_BLE_SOC_PERIPHERAL.a(CyBleStackMgr_BleSSDriver.o)
                0x00003b3c                CyBleStackMgr_BleSSMemWrite

i.CyBleStackMgr_BleSSRegRead
                0x00003b70        0xc
 i.CyBleStackMgr_BleSSRegRead
                0x00003b70        0xc C:\Program Files (x86)\Cypress\PSoC Creator\3.1\PSoC Creator\psoc\content\cycomponentlibrary\CyComponentLibrary.cylib\BLE_v1_20\Library\gccCyBLEStack_BLE_SOC_PERIPHERAL.a(CyBleStackMgr_BleSSDriver.o)
                0x00003b70                CyBleStackMgr_BleSSRegRead

i.CyBleStackMgr_BleSSRegWrite
                0x00003b7c        0xc
 i.CyBleStackMgr_BleSSRegWrite
                0x00003b7c        0xc C:\Program Files (x86)\Cypress\PSoC Creator\3.1\PSoC Creator\psoc\content\cycomponentlibrary\CyComponentLibrary.cylib\BLE_v1_20\Library\gccCyBLEStack_BLE_SOC_PERIPHERAL.a(CyBleStackMgr_BleSSDriver.o)
                0x00003b7c                CyBleStackMgr_BleSSRegWrite

i.CyBleStackMgr_BleSSReset
                0x00003b88       0x38
 i.CyBleStackMgr_BleSSReset
                0x00003b88       0x38 C:\Program Files (x86)\Cypress\PSoC Creator\3.1\PSoC Creator\psoc\content\cycomponentlibrary\CyComponentLibrary.cylib\BLE_v1_20\Library\gccCyBLEStack_BLE_SOC_PERIPHERAL.a(CyBleStackMgr_BleSSDriver.o)
                0x00003b88                CyBleStackMgr_BleSSReset

i.CyBleStackMgr_GenericIface
                0x00003bc0       0x3c
 i.CyBleStackMgr_GenericIface
                0x00003bc0       0x3c C:\Program Files (x86)\Cypress\PSoC Creator\3.1\PSoC Creator\psoc\content\cycomponentlibrary\CyComponentLibrary.cylib\BLE_v1_20\Library\gccCyBLEStack_BLE_SOC_PERIPHERAL.a(CyBleStackMgr_BleSSDriver.o)
                0x00003bc0                CyBleStackMgr_GenericIface

i.CyBleStackMgr_HandleBleSSIntr
                0x00003bfc       0x90
 i.CyBleStackMgr_HandleBleSSIntr
                0x00003bfc       0x90 C:\Program Files (x86)\Cypress\PSoC Creator\3.1\PSoC Creator\psoc\content\cycomponentlibrary\CyComponentLibrary.cylib\BLE_v1_20\Library\gccCyBLEStack_BLE_SOC_PERIPHERAL.a(CyBleStackMgr_BleSSDriver.o)
                0x00003bfc                CyBleStackMgr_HandleBleSSIntr

i.CyBleStackMgr_SetClockParam
                0x00003c8c       0xb4
 i.CyBleStackMgr_SetClockParam
                0x00003c8c       0xb4 C:\Program Files (x86)\Cypress\PSoC Creator\3.1\PSoC Creator\psoc\content\cycomponentlibrary\CyComponentLibrary.cylib\BLE_v1_20\Library\gccCyBLEStack_BLE_SOC_PERIPHERAL.a(CyBleStackMgr_BleSSDriver.o)

i.CyBle_ExitDsmMode
                0x00003d40       0x2c
 i.CyBle_ExitDsmMode
                0x00003d40       0x2c C:\Program Files (x86)\Cypress\PSoC Creator\3.1\PSoC Creator\psoc\content\cycomponentlibrary\CyComponentLibrary.cylib\BLE_v1_20\Library\gccCyBLEStack_BLE_SOC_PERIPHERAL.a(CyBleStackMgr_BleSSDriver.o)
                0x00003d40                CyBle_ExitDsmMode

i.CyBle_GetBleSsOperationalMode
                0x00003d6c        0xc
 i.CyBle_GetBleSsOperationalMode
                0x00003d6c        0xc C:\Program Files (x86)\Cypress\PSoC Creator\3.1\PSoC Creator\psoc\content\cycomponentlibrary\CyComponentLibrary.cylib\BLE_v1_20\Library\gccCyBLEStack_BLE_SOC_PERIPHERAL.a(CyBleStackMgr_BleSSDriver.o)
                0x00003d6c                CyBle_GetBleSsOperationalMode

i.CyBle_GetLpMode
                0x00003d78       0x26
 i.CyBle_GetLpMode
                0x00003d78       0x26 C:\Program Files (x86)\Cypress\PSoC Creator\3.1\PSoC Creator\psoc\content\cycomponentlibrary\CyComponentLibrary.cylib\BLE_v1_20\Library\gccCyBLEStack_BLE_SOC_PERIPHERAL.a(CyBleStackMgr_BleSSDriver.o)
                0x00003d78                CyBle_GetLpMode

i.CyBle_GetTxGainMode
                0x00003da0       0x2c
 i.CyBle_GetTxGainMode
                0x00003da0       0x2c C:\Program Files (x86)\Cypress\PSoC Creator\3.1\PSoC Creator\psoc\content\cycomponentlibrary\CyComponentLibrary.cylib\BLE_v1_20\Library\gccCyBLEStack_BLE_SOC_PERIPHERAL.a(CyBleStackMgr_BleSSDriver.o)
                0x00003da0                CyBle_GetTxGainMode

i.CyBle_SetBleSsOperationalMode
                0x00003dcc       0x20
 i.CyBle_SetBleSsOperationalMode
                0x00003dcc       0x20 C:\Program Files (x86)\Cypress\PSoC Creator\3.1\PSoC Creator\psoc\content\cycomponentlibrary\CyComponentLibrary.cylib\BLE_v1_20\Library\gccCyBLEStack_BLE_SOC_PERIPHERAL.a(CyBleStackMgr_BleSSDriver.o)
                0x00003dcc                CyBle_SetBleSsOperationalMode

i.CyBle_SetEventCloseState
                0x00003dec        0xc
 i.CyBle_SetEventCloseState
                0x00003dec        0xc C:\Program Files (x86)\Cypress\PSoC Creator\3.1\PSoC Creator\psoc\content\cycomponentlibrary\CyComponentLibrary.cylib\BLE_v1_20\Library\gccCyBLEStack_BLE_SOC_PERIPHERAL.a(CyBleStackMgr_BleSSDriver.o)
                0x00003dec                CyBle_SetEventCloseState

i.CyBle_SetRxGainMode
                0x00003df8       0x20
 i.CyBle_SetRxGainMode
                0x00003df8       0x20 C:\Program Files (x86)\Cypress\PSoC Creator\3.1\PSoC Creator\psoc\content\cycomponentlibrary\CyComponentLibrary.cylib\BLE_v1_20\Library\gccCyBLEStack_BLE_SOC_PERIPHERAL.a(CyBleStackMgr_BleSSDriver.o)
                0x00003df8                CyBle_SetRxGainMode

i.CyBle_SetTxGainMode
                0x00003e18       0x38
 i.CyBle_SetTxGainMode
                0x00003e18       0x38 C:\Program Files (x86)\Cypress\PSoC Creator\3.1\PSoC Creator\psoc\content\cycomponentlibrary\CyComponentLibrary.cylib\BLE_v1_20\Library\gccCyBLEStack_BLE_SOC_PERIPHERAL.a(CyBleStackMgr_BleSSDriver.o)
                0x00003e18                CyBle_SetTxGainMode

i.pf_rf_get_abs_rssi
                0x00003e50       0x24
 i.pf_rf_get_abs_rssi
                0x00003e50       0x24 C:\Program Files (x86)\Cypress\PSoC Creator\3.1\PSoC Creator\psoc\content\cycomponentlibrary\CyComponentLibrary.cylib\BLE_v1_20\Library\gccCyBLEStack_BLE_SOC_PERIPHERAL.a(CyBleStackMgr_BleSSDriver.o)
                0x00003e50                pf_rf_get_abs_rssi

i.OS_init       0x00003e74       0x64
 i.OS_init      0x00003e74       0x64 C:\Program Files (x86)\Cypress\PSoC Creator\3.1\PSoC Creator\psoc\content\cycomponentlibrary\CyComponentLibrary.cylib\BLE_v1_20\Library\gccCyBLEStack_BLE_SOC_PERIPHERAL.a(mint_os.o)
                0x00003e74                OS_init

i.mintos_malloc
                0x00003ed8       0x34
 i.mintos_malloc
                0x00003ed8       0x34 C:\Program Files (x86)\Cypress\PSoC Creator\3.1\PSoC Creator\psoc\content\cycomponentlibrary\CyComponentLibrary.cylib\BLE_v1_20\Library\gccCyBLEStack_BLE_SOC_PERIPHERAL.a(mint_os.o)
                0x00003ed8                mintos_malloc

i.OS_create_queue
                0x00003f0c       0x64
 i.OS_create_queue
                0x00003f0c       0x64 C:\Program Files (x86)\Cypress\PSoC Creator\3.1\PSoC Creator\psoc\content\cycomponentlibrary\CyComponentLibrary.cylib\BLE_v1_20\Library\gccCyBLEStack_BLE_SOC_PERIPHERAL.a(mint_os_queue.o)
                0x00003f0c                OS_create_queue

i.OS_enqueue_item
                0x00003f70       0x8c
 i.OS_enqueue_item
                0x00003f70       0x8c C:\Program Files (x86)\Cypress\PSoC Creator\3.1\PSoC Creator\psoc\content\cycomponentlibrary\CyComponentLibrary.cylib\BLE_v1_20\Library\gccCyBLEStack_BLE_SOC_PERIPHERAL.a(mint_os_queue.o)
                0x00003f70                OS_enqueue_item

i.OS_queue_get_num_of_items
                0x00003ffc       0x28
 i.OS_queue_get_num_of_items
                0x00003ffc       0x28 C:\Program Files (x86)\Cypress\PSoC Creator\3.1\PSoC Creator\psoc\content\cycomponentlibrary\CyComponentLibrary.cylib\BLE_v1_20\Library\gccCyBLEStack_BLE_SOC_PERIPHERAL.a(mint_os_queue.o)
                0x00003ffc                OS_queue_get_num_of_items

i.OS_queue_mgmt_init
                0x00004024       0x40
 i.OS_queue_mgmt_init
                0x00004024       0x40 C:\Program Files (x86)\Cypress\PSoC Creator\3.1\PSoC Creator\psoc\content\cycomponentlibrary\CyComponentLibrary.cylib\BLE_v1_20\Library\gccCyBLEStack_BLE_SOC_PERIPHERAL.a(mint_os_queue.o)
                0x00004024                OS_queue_mgmt_init

i.OS_remove_item
                0x00004064       0xa0
 i.OS_remove_item
                0x00004064       0xa0 C:\Program Files (x86)\Cypress\PSoC Creator\3.1\PSoC Creator\psoc\content\cycomponentlibrary\CyComponentLibrary.cylib\BLE_v1_20\Library\gccCyBLEStack_BLE_SOC_PERIPHERAL.a(mint_os_queue.o)
                0x00004064                OS_remove_item

i.OS_create_task
                0x00004104       0x88
 i.OS_create_task
                0x00004104       0x88 C:\Program Files (x86)\Cypress\PSoC Creator\3.1\PSoC Creator\psoc\content\cycomponentlibrary\CyComponentLibrary.cylib\BLE_v1_20\Library\gccCyBLEStack_BLE_SOC_PERIPHERAL.a(mint_os_task.o)
                0x00004104                OS_create_task

i.OS_isr_send_signal_to_task
                0x0000418c        0xc
 i.OS_isr_send_signal_to_task
                0x0000418c        0xc C:\Program Files (x86)\Cypress\PSoC Creator\3.1\PSoC Creator\psoc\content\cycomponentlibrary\CyComponentLibrary.cylib\BLE_v1_20\Library\gccCyBLEStack_BLE_SOC_PERIPHERAL.a(mint_os_task.o)
                0x0000418c                OS_isr_send_signal_to_task

i.OS_scheduler  0x00004198       0x64
 i.OS_scheduler
                0x00004198       0x64 C:\Program Files (x86)\Cypress\PSoC Creator\3.1\PSoC Creator\psoc\content\cycomponentlibrary\CyComponentLibrary.cylib\BLE_v1_20\Library\gccCyBLEStack_BLE_SOC_PERIPHERAL.a(mint_os_task.o)
                0x00004198                OS_scheduler

i.OS_send_signal_to_task
                0x000041fc        0xc
 i.OS_send_signal_to_task
                0x000041fc        0xc C:\Program Files (x86)\Cypress\PSoC Creator\3.1\PSoC Creator\psoc\content\cycomponentlibrary\CyComponentLibrary.cylib\BLE_v1_20\Library\gccCyBLEStack_BLE_SOC_PERIPHERAL.a(mint_os_task.o)
                0x000041fc                OS_send_signal_to_task

i.OS_send_signal_to_task_context
                0x00004208       0x3c
 i.OS_send_signal_to_task_context
                0x00004208       0x3c C:\Program Files (x86)\Cypress\PSoC Creator\3.1\PSoC Creator\psoc\content\cycomponentlibrary\CyComponentLibrary.cylib\BLE_v1_20\Library\gccCyBLEStack_BLE_SOC_PERIPHERAL.a(mint_os_task.o)

i.OS_task_mgmt_init
                0x00004244       0x50
 i.OS_task_mgmt_init
                0x00004244       0x50 C:\Program Files (x86)\Cypress\PSoC Creator\3.1\PSoC Creator\psoc\content\cycomponentlibrary\CyComponentLibrary.cylib\BLE_v1_20\Library\gccCyBLEStack_BLE_SOC_PERIPHERAL.a(mint_os_task.o)
                0x00004244                OS_task_mgmt_init

i.mint_buf_mgmt_allocate_buffer
                0x00004294       0x4c
 i.mint_buf_mgmt_allocate_buffer
                0x00004294       0x4c C:\Program Files (x86)\Cypress\PSoC Creator\3.1\PSoC Creator\psoc\content\cycomponentlibrary\CyComponentLibrary.cylib\BLE_v1_20\Library\gccCyBLEStack_BLE_SOC_PERIPHERAL.a(mint_buf_mgmt.o)
                0x00004294                mint_buf_mgmt_allocate_buffer

i.mint_buf_mgmt_create_pool
                0x000042e0       0xd8
 i.mint_buf_mgmt_create_pool
                0x000042e0       0xd8 C:\Program Files (x86)\Cypress\PSoC Creator\3.1\PSoC Creator\psoc\content\cycomponentlibrary\CyComponentLibrary.cylib\BLE_v1_20\Library\gccCyBLEStack_BLE_SOC_PERIPHERAL.a(mint_buf_mgmt.o)
                0x000042e0                mint_buf_mgmt_create_pool

i.mint_buf_mgmt_free_buffer
                0x000043b8       0xa4
 i.mint_buf_mgmt_free_buffer
                0x000043b8       0xa4 C:\Program Files (x86)\Cypress\PSoC Creator\3.1\PSoC Creator\psoc\content\cycomponentlibrary\CyComponentLibrary.cylib\BLE_v1_20\Library\gccCyBLEStack_BLE_SOC_PERIPHERAL.a(mint_buf_mgmt.o)
                0x000043b8                mint_buf_mgmt_free_buffer

i.mint_buf_mgmt_get_free_heap
                0x0000445c       0x1c
 i.mint_buf_mgmt_get_free_heap
                0x0000445c       0x1c C:\Program Files (x86)\Cypress\PSoC Creator\3.1\PSoC Creator\psoc\content\cycomponentlibrary\CyComponentLibrary.cylib\BLE_v1_20\Library\gccCyBLEStack_BLE_SOC_PERIPHERAL.a(mint_buf_mgmt.o)
                0x0000445c                mint_buf_mgmt_get_free_heap

i.mint_buf_mgmt_init
                0x00004478       0x44
 i.mint_buf_mgmt_init
                0x00004478       0x44 C:\Program Files (x86)\Cypress\PSoC Creator\3.1\PSoC Creator\psoc\content\cycomponentlibrary\CyComponentLibrary.cylib\BLE_v1_20\Library\gccCyBLEStack_BLE_SOC_PERIPHERAL.a(mint_buf_mgmt.o)
                0x00004478                mint_buf_mgmt_init

i.mint_buf_mgmt_malloc
                0x000044bc       0x2c
 i.mint_buf_mgmt_malloc
                0x000044bc       0x2c C:\Program Files (x86)\Cypress\PSoC Creator\3.1\PSoC Creator\psoc\content\cycomponentlibrary\CyComponentLibrary.cylib\BLE_v1_20\Library\gccCyBLEStack_BLE_SOC_PERIPHERAL.a(mint_buf_mgmt.o)
                0x000044bc                mint_buf_mgmt_malloc

i.mint_buf_mgmt_reset_pool
                0x000044e8       0x70
 i.mint_buf_mgmt_reset_pool
                0x000044e8       0x70 C:\Program Files (x86)\Cypress\PSoC Creator\3.1\PSoC Creator\psoc\content\cycomponentlibrary\CyComponentLibrary.cylib\BLE_v1_20\Library\gccCyBLEStack_BLE_SOC_PERIPHERAL.a(mint_buf_mgmt.o)
                0x000044e8                mint_buf_mgmt_reset_pool

i.mint_buf_mgmt_stack_init
                0x00004558       0x24
 i.mint_buf_mgmt_stack_init
                0x00004558       0x24 C:\Program Files (x86)\Cypress\PSoC Creator\3.1\PSoC Creator\psoc\content\cycomponentlibrary\CyComponentLibrary.cylib\BLE_v1_20\Library\gccCyBLEStack_BLE_SOC_PERIPHERAL.a(mint_buf_mgmt.o)
                0x00004558                mint_buf_mgmt_stack_init

i.mint_buf_mgmt_stack_pop
                0x0000457c       0x36
 i.mint_buf_mgmt_stack_pop
                0x0000457c       0x36 C:\Program Files (x86)\Cypress\PSoC Creator\3.1\PSoC Creator\psoc\content\cycomponentlibrary\CyComponentLibrary.cylib\BLE_v1_20\Library\gccCyBLEStack_BLE_SOC_PERIPHERAL.a(mint_buf_mgmt.o)
                0x0000457c                mint_buf_mgmt_stack_pop

i.mint_buf_mgmt_stack_push
                0x000045b2       0x36
 i.mint_buf_mgmt_stack_push
                0x000045b2       0x36 C:\Program Files (x86)\Cypress\PSoC Creator\3.1\PSoC Creator\psoc\content\cycomponentlibrary\CyComponentLibrary.cylib\BLE_v1_20\Library\gccCyBLEStack_BLE_SOC_PERIPHERAL.a(mint_buf_mgmt.o)
                0x000045b2                mint_buf_mgmt_stack_push

i.mint_buf_mgmt_stack_reset
                0x000045e8       0x1e
 i.mint_buf_mgmt_stack_reset
                0x000045e8       0x1e C:\Program Files (x86)\Cypress\PSoC Creator\3.1\PSoC Creator\psoc\content\cycomponentlibrary\CyComponentLibrary.cylib\BLE_v1_20\Library\gccCyBLEStack_BLE_SOC_PERIPHERAL.a(mint_buf_mgmt.o)
                0x000045e8                mint_buf_mgmt_stack_reset

i.mint_buf_mgmt_stack_search_item
                0x00004606       0x30
 i.mint_buf_mgmt_stack_search_item
                0x00004606       0x30 C:\Program Files (x86)\Cypress\PSoC Creator\3.1\PSoC Creator\psoc\content\cycomponentlibrary\CyComponentLibrary.cylib\BLE_v1_20\Library\gccCyBLEStack_BLE_SOC_PERIPHERAL.a(mint_buf_mgmt.o)
                0x00004606                mint_buf_mgmt_stack_search_item

i.mint_buf_mgmt_pl_init
                0x00004638       0x2c
 i.mint_buf_mgmt_pl_init
                0x00004638       0x2c C:\Program Files (x86)\Cypress\PSoC Creator\3.1\PSoC Creator\psoc\content\cycomponentlibrary\CyComponentLibrary.cylib\BLE_v1_20\Library\gccCyBLEStack_BLE_SOC_PERIPHERAL.a(mint_buf_mgmt_pl.o)
                0x00004638                mint_buf_mgmt_pl_init

i.CyBleControllerIP_GetPingState
                0x00004664        0xc
 i.CyBleControllerIP_GetPingState
                0x00004664        0xc C:\Program Files (x86)\Cypress\PSoC Creator\3.1\PSoC Creator\psoc\content\cycomponentlibrary\CyComponentLibrary.cylib\BLE_v1_20\Library\gccCyBLEStack_BLE_SOC_PERIPHERAL.a(CyBleControllerIP_Interface.o)
                0x00004664                CyBleControllerIP_GetPingState

i.CyBleController_AddDeviceToWhiteList
                0x00004670       0x40
 i.CyBleController_AddDeviceToWhiteList
                0x00004670       0x40 C:\Program Files (x86)\Cypress\PSoC Creator\3.1\PSoC Creator\psoc\content\cycomponentlibrary\CyComponentLibrary.cylib\BLE_v1_20\Library\gccCyBLEStack_BLE_SOC_PERIPHERAL.a(CyBleControllerIP_Interface.o)
                0x00004670                CyBleController_AddDeviceToWhiteList

i.CyBleController_ExitLowPowerMode
                0x000046b0       0x10
 i.CyBleController_ExitLowPowerMode
                0x000046b0       0x10 C:\Program Files (x86)\Cypress\PSoC Creator\3.1\PSoC Creator\psoc\content\cycomponentlibrary\CyComponentLibrary.cylib\BLE_v1_20\Library\gccCyBLEStack_BLE_SOC_PERIPHERAL.a(CyBleControllerIP_Interface.o)
                0x000046b0                CyBleController_ExitLowPowerMode

i.CyBleController_Init
                0x000046c0       0x3c
 i.CyBleController_Init
                0x000046c0       0x3c C:\Program Files (x86)\Cypress\PSoC Creator\3.1\PSoC Creator\psoc\content\cycomponentlibrary\CyComponentLibrary.cylib\BLE_v1_20\Library\gccCyBLEStack_BLE_SOC_PERIPHERAL.a(CyBleControllerIP_Interface.o)
                0x000046c0                CyBleController_Init

i.CyBleController_SetDeviceAddress
                0x000046fc       0x2e
 i.CyBleController_SetDeviceAddress
                0x000046fc       0x2e C:\Program Files (x86)\Cypress\PSoC Creator\3.1\PSoC Creator\psoc\content\cycomponentlibrary\CyComponentLibrary.cylib\BLE_v1_20\Library\gccCyBLEStack_BLE_SOC_PERIPHERAL.a(CyBleControllerIP_Interface.o)
                0x000046fc                CyBleController_SetDeviceAddress

i.CyBle_GetTxPowerLevel
                0x0000472a       0x4e
 i.CyBle_GetTxPowerLevel
                0x0000472a       0x4e C:\Program Files (x86)\Cypress\PSoC Creator\3.1\PSoC Creator\psoc\content\cycomponentlibrary\CyComponentLibrary.cylib\BLE_v1_20\Library\gccCyBLEStack_BLE_SOC_PERIPHERAL.a(CyBleControllerIP_Interface.o)
                0x0000472a                CyBle_GetTxPowerLevel

i.CyBle_SetTxPowerLevel
                0x00004778       0x56
 i.CyBle_SetTxPowerLevel
                0x00004778       0x56 C:\Program Files (x86)\Cypress\PSoC Creator\3.1\PSoC Creator\psoc\content\cycomponentlibrary\CyComponentLibrary.cylib\BLE_v1_20\Library\gccCyBLEStack_BLE_SOC_PERIPHERAL.a(CyBleControllerIP_Interface.o)
                0x00004778                CyBle_SetTxPowerLevel

i.ll_check_and_mark_packet_ready_for_transmission
                0x000047d0       0x28
 i.ll_check_and_mark_packet_ready_for_transmission
                0x000047d0       0x28 C:\Program Files (x86)\Cypress\PSoC Creator\3.1\PSoC Creator\psoc\content\cycomponentlibrary\CyComponentLibrary.cylib\BLE_v1_20\Library\gccCyBLEStack_BLE_SOC_PERIPHERAL.a(ll.o)
                0x000047d0                ll_check_and_mark_packet_ready_for_transmission

i.ll_cleanup_pending_data_pdu
                0x000047f8       0x38
 i.ll_cleanup_pending_data_pdu
                0x000047f8       0x38 C:\Program Files (x86)\Cypress\PSoC Creator\3.1\PSoC Creator\psoc\content\cycomponentlibrary\CyComponentLibrary.cylib\BLE_v1_20\Library\gccCyBLEStack_BLE_SOC_PERIPHERAL.a(ll.o)
                0x000047f8                ll_cleanup_pending_data_pdu

i.ll_exit_low_power_mode
                0x00004830       0xac
 i.ll_exit_low_power_mode
                0x00004830       0xac C:\Program Files (x86)\Cypress\PSoC Creator\3.1\PSoC Creator\psoc\content\cycomponentlibrary\CyComponentLibrary.cylib\BLE_v1_20\Library\gccCyBLEStack_BLE_SOC_PERIPHERAL.a(ll.o)
                0x00004830                ll_exit_low_power_mode

i.ll_get_ack_status
                0x000048dc       0x3c
 i.ll_get_ack_status
                0x000048dc       0x3c C:\Program Files (x86)\Cypress\PSoC Creator\3.1\PSoC Creator\psoc\content\cycomponentlibrary\CyComponentLibrary.cylib\BLE_v1_20\Library\gccCyBLEStack_BLE_SOC_PERIPHERAL.a(ll.o)
                0x000048dc                ll_get_ack_status

i.ll_get_adv_ch_tx_power
                0x00004918       0x20
 i.ll_get_adv_ch_tx_power
                0x00004918       0x20 C:\Program Files (x86)\Cypress\PSoC Creator\3.1\PSoC Creator\psoc\content\cycomponentlibrary\CyComponentLibrary.cylib\BLE_v1_20\Library\gccCyBLEStack_BLE_SOC_PERIPHERAL.a(ll.o)
                0x00004918                ll_get_adv_ch_tx_power

i.ll_get_data_channel_map
                0x00004938       0x24
 i.ll_get_data_channel_map
                0x00004938       0x24 C:\Program Files (x86)\Cypress\PSoC Creator\3.1\PSoC Creator\psoc\content\cycomponentlibrary\CyComponentLibrary.cylib\BLE_v1_20\Library\gccCyBLEStack_BLE_SOC_PERIPHERAL.a(ll.o)
                0x00004938                ll_get_data_channel_map

i.ll_get_max_white_list_size
                0x0000495c        0xc
 i.ll_get_max_white_list_size
                0x0000495c        0xc C:\Program Files (x86)\Cypress\PSoC Creator\3.1\PSoC Creator\psoc\content\cycomponentlibrary\CyComponentLibrary.cylib\BLE_v1_20\Library\gccCyBLEStack_BLE_SOC_PERIPHERAL.a(ll.o)
                0x0000495c                ll_get_max_white_list_size

i.ll_get_my_role
                0x00004968        0xc
 i.ll_get_my_role
                0x00004968        0xc C:\Program Files (x86)\Cypress\PSoC Creator\3.1\PSoC Creator\psoc\content\cycomponentlibrary\CyComponentLibrary.cylib\BLE_v1_20\Library\gccCyBLEStack_BLE_SOC_PERIPHERAL.a(ll.o)
                0x00004968                ll_get_my_role

i.ll_get_next_available_fifo_for_data_pdu
                0x00004974        0x8
 i.ll_get_next_available_fifo_for_data_pdu
                0x00004974        0x8 C:\Program Files (x86)\Cypress\PSoC Creator\3.1\PSoC Creator\psoc\content\cycomponentlibrary\CyComponentLibrary.cylib\BLE_v1_20\Library\gccCyBLEStack_BLE_SOC_PERIPHERAL.a(ll.o)
                0x00004974                ll_get_next_available_fifo_for_data_pdu

i.ll_get_next_available_fifo_for_ll_pdu
                0x0000497c       0x24
 i.ll_get_next_available_fifo_for_ll_pdu
                0x0000497c       0x24 C:\Program Files (x86)\Cypress\PSoC Creator\3.1\PSoC Creator\psoc\content\cycomponentlibrary\CyComponentLibrary.cylib\BLE_v1_20\Library\gccCyBLEStack_BLE_SOC_PERIPHERAL.a(ll.o)
                0x0000497c                ll_get_next_available_fifo_for_ll_pdu

i.ll_get_rssi_value
                0x000049a0       0x26
 i.ll_get_rssi_value
                0x000049a0       0x26 C:\Program Files (x86)\Cypress\PSoC Creator\3.1\PSoC Creator\psoc\content\cycomponentlibrary\CyComponentLibrary.cylib\BLE_v1_20\Library\gccCyBLEStack_BLE_SOC_PERIPHERAL.a(ll.o)
                0x000049a0                ll_get_rssi_value

i.ll_get_transmit_power_level
                0x000049c8       0x2c
 i.ll_get_transmit_power_level
                0x000049c8       0x2c C:\Program Files (x86)\Cypress\PSoC Creator\3.1\PSoC Creator\psoc\content\cycomponentlibrary\CyComponentLibrary.cylib\BLE_v1_20\Library\gccCyBLEStack_BLE_SOC_PERIPHERAL.a(ll.o)
                0x000049c8                ll_get_transmit_power_level

i.ll_handle_ack_received
                0x000049f4       0x74
 i.ll_handle_ack_received
                0x000049f4       0x74 C:\Program Files (x86)\Cypress\PSoC Creator\3.1\PSoC Creator\psoc\content\cycomponentlibrary\CyComponentLibrary.cylib\BLE_v1_20\Library\gccCyBLEStack_BLE_SOC_PERIPHERAL.a(ll.o)
                0x000049f4                ll_handle_ack_received

i.ll_handle_add_device_in_whitelist
                0x00004a68       0x3a
 i.ll_handle_add_device_in_whitelist
                0x00004a68       0x3a C:\Program Files (x86)\Cypress\PSoC Creator\3.1\PSoC Creator\psoc\content\cycomponentlibrary\CyComponentLibrary.cylib\BLE_v1_20\Library\gccCyBLEStack_BLE_SOC_PERIPHERAL.a(ll.o)
                0x00004a68                ll_handle_add_device_in_whitelist

i.ll_handle_clear_whitelist
                0x00004aa2       0x16
 i.ll_handle_clear_whitelist
                0x00004aa2       0x16 C:\Program Files (x86)\Cypress\PSoC Creator\3.1\PSoC Creator\psoc\content\cycomponentlibrary\CyComponentLibrary.cylib\BLE_v1_20\Library\gccCyBLEStack_BLE_SOC_PERIPHERAL.a(ll.o)
                0x00004aa2                ll_handle_clear_whitelist

i.ll_handle_encrypt_host_data
                0x00004ab8       0x36
 i.ll_handle_encrypt_host_data
                0x00004ab8       0x36 C:\Program Files (x86)\Cypress\PSoC Creator\3.1\PSoC Creator\psoc\content\cycomponentlibrary\CyComponentLibrary.cylib\BLE_v1_20\Library\gccCyBLEStack_BLE_SOC_PERIPHERAL.a(ll.o)
                0x00004ab8                ll_handle_encrypt_host_data

i.ll_handle_host_data_packet
                0x00004aee       0x54
 i.ll_handle_host_data_packet
                0x00004aee       0x54 C:\Program Files (x86)\Cypress\PSoC Creator\3.1\PSoC Creator\psoc\content\cycomponentlibrary\CyComponentLibrary.cylib\BLE_v1_20\Library\gccCyBLEStack_BLE_SOC_PERIPHERAL.a(ll.o)
                0x00004aee                ll_handle_host_data_packet

i.ll_handle_read_host_channel_map
                0x00004b42        0x4
 i.ll_handle_read_host_channel_map
                0x00004b42        0x4 C:\Program Files (x86)\Cypress\PSoC Creator\3.1\PSoC Creator\psoc\content\cycomponentlibrary\CyComponentLibrary.cylib\BLE_v1_20\Library\gccCyBLEStack_BLE_SOC_PERIPHERAL.a(ll.o)
                0x00004b42                ll_handle_read_host_channel_map

i.ll_handle_remove_device_in_whitelist
                0x00004b46       0x2a
 i.ll_handle_remove_device_in_whitelist
                0x00004b46       0x2a C:\Program Files (x86)\Cypress\PSoC Creator\3.1\PSoC Creator\psoc\content\cycomponentlibrary\CyComponentLibrary.cylib\BLE_v1_20\Library\gccCyBLEStack_BLE_SOC_PERIPHERAL.a(ll.o)
                0x00004b46                ll_handle_remove_device_in_whitelist

i.ll_handle_reset
                0x00004b70        0xe
 i.ll_handle_reset
                0x00004b70        0xe C:\Program Files (x86)\Cypress\PSoC Creator\3.1\PSoC Creator\psoc\content\cycomponentlibrary\CyComponentLibrary.cylib\BLE_v1_20\Library\gccCyBLEStack_BLE_SOC_PERIPHERAL.a(ll.o)
                0x00004b70                ll_handle_reset

i.ll_handle_set_random_address
                0x00004b7e       0x36
 i.ll_handle_set_random_address
                0x00004b7e       0x36 C:\Program Files (x86)\Cypress\PSoC Creator\3.1\PSoC Creator\psoc\content\cycomponentlibrary\CyComponentLibrary.cylib\BLE_v1_20\Library\gccCyBLEStack_BLE_SOC_PERIPHERAL.a(ll.o)
                0x00004b7e                ll_handle_set_random_address

i.ll_init       0x00004bb4       0x18
 i.ll_init      0x00004bb4       0x18 C:\Program Files (x86)\Cypress\PSoC Creator\3.1\PSoC Creator\psoc\content\cycomponentlibrary\CyComponentLibrary.cylib\BLE_v1_20\Library\gccCyBLEStack_BLE_SOC_PERIPHERAL.a(ll.o)
                0x00004bb4                ll_init

i.ll_initialize_device_attributes
                0x00004bcc       0x4c
 i.ll_initialize_device_attributes
                0x00004bcc       0x4c C:\Program Files (x86)\Cypress\PSoC Creator\3.1\PSoC Creator\psoc\content\cycomponentlibrary\CyComponentLibrary.cylib\BLE_v1_20\Library\gccCyBLEStack_BLE_SOC_PERIPHERAL.a(ll.o)
                0x00004bcc                ll_initialize_device_attributes

i.ll_is_pkt_pending
                0x00004c18       0x2a
 i.ll_is_pkt_pending
                0x00004c18       0x2a C:\Program Files (x86)\Cypress\PSoC Creator\3.1\PSoC Creator\psoc\content\cycomponentlibrary\CyComponentLibrary.cylib\BLE_v1_20\Library\gccCyBLEStack_BLE_SOC_PERIPHERAL.a(ll.o)
                0x00004c18                ll_is_pkt_pending

i.ll_is_sent_pkt_pending
                0x00004c42       0x1a
 i.ll_is_sent_pkt_pending
                0x00004c42       0x1a C:\Program Files (x86)\Cypress\PSoC Creator\3.1\PSoC Creator\psoc\content\cycomponentlibrary\CyComponentLibrary.cylib\BLE_v1_20\Library\gccCyBLEStack_BLE_SOC_PERIPHERAL.a(ll.o)
                0x00004c42                ll_is_sent_pkt_pending

i.ll_isr_exit_low_power_mode
                0x00004c5c       0x16
 i.ll_isr_exit_low_power_mode
                0x00004c5c       0x16 C:\Program Files (x86)\Cypress\PSoC Creator\3.1\PSoC Creator\psoc\content\cycomponentlibrary\CyComponentLibrary.cylib\BLE_v1_20\Library\gccCyBLEStack_BLE_SOC_PERIPHERAL.a(ll.o)
                0x00004c5c                ll_isr_exit_low_power_mode

i.ll_load_host_data_packet
                0x00004c72       0x4a
 i.ll_load_host_data_packet
                0x00004c72       0x4a C:\Program Files (x86)\Cypress\PSoC Creator\3.1\PSoC Creator\psoc\content\cycomponentlibrary\CyComponentLibrary.cylib\BLE_v1_20\Library\gccCyBLEStack_BLE_SOC_PERIPHERAL.a(ll.o)
                0x00004c72                ll_load_host_data_packet

i.ll_load_packet_to_fifo
                0x00004cbc       0x6e
 i.ll_load_packet_to_fifo
                0x00004cbc       0x6e C:\Program Files (x86)\Cypress\PSoC Creator\3.1\PSoC Creator\psoc\content\cycomponentlibrary\CyComponentLibrary.cylib\BLE_v1_20\Library\gccCyBLEStack_BLE_SOC_PERIPHERAL.a(ll.o)
                0x00004cbc                ll_load_packet_to_fifo

i.ll_process_acks
                0x00004d2a       0x3c
 i.ll_process_acks
                0x00004d2a       0x3c C:\Program Files (x86)\Cypress\PSoC Creator\3.1\PSoC Creator\psoc\content\cycomponentlibrary\CyComponentLibrary.cylib\BLE_v1_20\Library\gccCyBLEStack_BLE_SOC_PERIPHERAL.a(ll.o)
                0x00004d2a                ll_process_acks

i.ll_reset      0x00004d66       0x12
 i.ll_reset     0x00004d66       0x12 C:\Program Files (x86)\Cypress\PSoC Creator\3.1\PSoC Creator\psoc\content\cycomponentlibrary\CyComponentLibrary.cylib\BLE_v1_20\Library\gccCyBLEStack_BLE_SOC_PERIPHERAL.a(ll.o)
                0x00004d66                ll_reset

i.ll_update_active_features
                0x00004d78       0x58
 i.ll_update_active_features
                0x00004d78       0x58 C:\Program Files (x86)\Cypress\PSoC Creator\3.1\PSoC Creator\psoc\content\cycomponentlibrary\CyComponentLibrary.cylib\BLE_v1_20\Library\gccCyBLEStack_BLE_SOC_PERIPHERAL.a(ll.o)
                0x00004d78                ll_update_active_features

i.ll_update_device_fsm
                0x00004dd0        0x8
 i.ll_update_device_fsm
                0x00004dd0        0x8 C:\Program Files (x86)\Cypress\PSoC Creator\3.1\PSoC Creator\psoc\content\cycomponentlibrary\CyComponentLibrary.cylib\BLE_v1_20\Library\gccCyBLEStack_BLE_SOC_PERIPHERAL.a(ll.o)
                0x00004dd0                ll_update_device_fsm

i.pf_le_start_timer
                0x00004dd8       0x16
 i.pf_le_start_timer
                0x00004dd8       0x16 C:\Program Files (x86)\Cypress\PSoC Creator\3.1\PSoC Creator\psoc\content\cycomponentlibrary\CyComponentLibrary.cylib\BLE_v1_20\Library\gccCyBLEStack_BLE_SOC_PERIPHERAL.a(ll.o)
                0x00004dd8                pf_le_start_timer

i.pf_le_stop_timer
                0x00004dee       0x12
 i.pf_le_stop_timer
                0x00004dee       0x12 C:\Program Files (x86)\Cypress\PSoC Creator\3.1\PSoC Creator\psoc\content\cycomponentlibrary\CyComponentLibrary.cylib\BLE_v1_20\Library\gccCyBLEStack_BLE_SOC_PERIPHERAL.a(ll.o)
                0x00004dee                pf_le_stop_timer

i.CyBleControllerIP_TuneAdvEventInterPktSlots
                0x00004e00       0x44
 i.CyBleControllerIP_TuneAdvEventInterPktSlots
                0x00004e00       0x44 C:\Program Files (x86)\Cypress\PSoC Creator\3.1\PSoC Creator\psoc\content\cycomponentlibrary\CyComponentLibrary.cylib\BLE_v1_20\Library\gccCyBLEStack_BLE_SOC_PERIPHERAL.a(ll_advertiser.o)
                0x00004e00                CyBleControllerIP_TuneAdvEventInterPktSlots

i.ll_adv_is_configured_connection_adv
                0x00004e44       0x1e
 i.ll_adv_is_configured_connection_adv
                0x00004e44       0x1e C:\Program Files (x86)\Cypress\PSoC Creator\3.1\PSoC Creator\psoc\content\cycomponentlibrary\CyComponentLibrary.cylib\BLE_v1_20\Library\gccCyBLEStack_BLE_SOC_PERIPHERAL.a(ll_advertiser.o)
                0x00004e44                ll_adv_is_configured_connection_adv

i.ll_check_random_address_in_use_by_advertiser
                0x00004e62       0x10
 i.ll_check_random_address_in_use_by_advertiser
                0x00004e62       0x10 C:\Program Files (x86)\Cypress\PSoC Creator\3.1\PSoC Creator\psoc\content\cycomponentlibrary\CyComponentLibrary.cylib\BLE_v1_20\Library\gccCyBLEStack_BLE_SOC_PERIPHERAL.a(ll_advertiser.o)
                0x00004e62                ll_check_random_address_in_use_by_advertiser

i.ll_check_whitelist_in_use_by_advertiser
                0x00004e72       0x10
 i.ll_check_whitelist_in_use_by_advertiser
                0x00004e72       0x10 C:\Program Files (x86)\Cypress\PSoC Creator\3.1\PSoC Creator\psoc\content\cycomponentlibrary\CyComponentLibrary.cylib\BLE_v1_20\Library\gccCyBLEStack_BLE_SOC_PERIPHERAL.a(ll_advertiser.o)
                0x00004e72                ll_check_whitelist_in_use_by_advertiser

i.ll_get_adv_status
                0x00004e82        0xc
 i.ll_get_adv_status
                0x00004e82        0xc C:\Program Files (x86)\Cypress\PSoC Creator\3.1\PSoC Creator\psoc\content\cycomponentlibrary\CyComponentLibrary.cylib\BLE_v1_20\Library\gccCyBLEStack_BLE_SOC_PERIPHERAL.a(ll_advertiser.o)
                0x00004e82                ll_get_adv_status

i.ll_get_adv_type
                0x00004e8e       0x16
 i.ll_get_adv_type
                0x00004e8e       0x16 C:\Program Files (x86)\Cypress\PSoC Creator\3.1\PSoC Creator\psoc\content\cycomponentlibrary\CyComponentLibrary.cylib\BLE_v1_20\Library\gccCyBLEStack_BLE_SOC_PERIPHERAL.a(ll_advertiser.o)
                0x00004e8e                ll_get_adv_type

i.ll_handle_adv_intr
                0x00004ea4       0x50
 i.ll_handle_adv_intr
                0x00004ea4       0x50 C:\Program Files (x86)\Cypress\PSoC Creator\3.1\PSoC Creator\psoc\content\cycomponentlibrary\CyComponentLibrary.cylib\BLE_v1_20\Library\gccCyBLEStack_BLE_SOC_PERIPHERAL.a(ll_advertiser.o)
                0x00004ea4                ll_handle_adv_intr

i.ll_handle_set_adv_data
                0x00004ef4       0x14
 i.ll_handle_set_adv_data
                0x00004ef4       0x14 C:\Program Files (x86)\Cypress\PSoC Creator\3.1\PSoC Creator\psoc\content\cycomponentlibrary\CyComponentLibrary.cylib\BLE_v1_20\Library\gccCyBLEStack_BLE_SOC_PERIPHERAL.a(ll_advertiser.o)
                0x00004ef4                ll_handle_set_adv_data

i.ll_handle_set_adv_parameters
                0x00004f08       0x84
 i.ll_handle_set_adv_parameters
                0x00004f08       0x84 C:\Program Files (x86)\Cypress\PSoC Creator\3.1\PSoC Creator\psoc\content\cycomponentlibrary\CyComponentLibrary.cylib\BLE_v1_20\Library\gccCyBLEStack_BLE_SOC_PERIPHERAL.a(ll_advertiser.o)
                0x00004f08                ll_handle_set_adv_parameters

i.ll_handle_set_advertise_enable
                0x00004f8c       0x70
 i.ll_handle_set_advertise_enable
                0x00004f8c       0x70 C:\Program Files (x86)\Cypress\PSoC Creator\3.1\PSoC Creator\psoc\content\cycomponentlibrary\CyComponentLibrary.cylib\BLE_v1_20\Library\gccCyBLEStack_BLE_SOC_PERIPHERAL.a(ll_advertiser.o)
                0x00004f8c                ll_handle_set_advertise_enable

i.ll_handle_set_scan_resp_data
                0x00004ffc       0x14
 i.ll_handle_set_scan_resp_data
                0x00004ffc       0x14 C:\Program Files (x86)\Cypress\PSoC Creator\3.1\PSoC Creator\psoc\content\cycomponentlibrary\CyComponentLibrary.cylib\BLE_v1_20\Library\gccCyBLEStack_BLE_SOC_PERIPHERAL.a(ll_advertiser.o)
                0x00004ffc                ll_handle_set_scan_resp_data

i.ll_init_advertiser
                0x00005010       0x68
 i.ll_init_advertiser
                0x00005010       0x68 C:\Program Files (x86)\Cypress\PSoC Creator\3.1\PSoC Creator\psoc\content\cycomponentlibrary\CyComponentLibrary.cylib\BLE_v1_20\Library\gccCyBLEStack_BLE_SOC_PERIPHERAL.a(ll_advertiser.o)
                0x00005010                ll_init_advertiser

i.is_le_connection_handle
                0x00005078       0x28
 i.is_le_connection_handle
                0x00005078       0x28 C:\Program Files (x86)\Cypress\PSoC Creator\3.1\PSoC Creator\psoc\content\cycomponentlibrary\CyComponentLibrary.cylib\BLE_v1_20\Library\gccCyBLEStack_BLE_SOC_PERIPHERAL.a(ll_connection.o)
                0x00005078                is_le_connection_handle

i.le_assign_connection_handle
                0x000050a0       0x28
 i.le_assign_connection_handle
                0x000050a0       0x28 C:\Program Files (x86)\Cypress\PSoC Creator\3.1\PSoC Creator\psoc\content\cycomponentlibrary\CyComponentLibrary.cylib\BLE_v1_20\Library\gccCyBLEStack_BLE_SOC_PERIPHERAL.a(ll_connection.o)
                0x000050a0                le_assign_connection_handle

i.le_get_connection_index
                0x000050c8        0x6
 i.le_get_connection_index
                0x000050c8        0x6 C:\Program Files (x86)\Cypress\PSoC Creator\3.1\PSoC Creator\psoc\content\cycomponentlibrary\CyComponentLibrary.cylib\BLE_v1_20\Library\gccCyBLEStack_BLE_SOC_PERIPHERAL.a(ll_connection.o)
                0x000050c8                le_get_connection_index

i.ll_allocate_connection
                0x000050d0       0x44
 i.ll_allocate_connection
                0x000050d0       0x44 C:\Program Files (x86)\Cypress\PSoC Creator\3.1\PSoC Creator\psoc\content\cycomponentlibrary\CyComponentLibrary.cylib\BLE_v1_20\Library\gccCyBLEStack_BLE_SOC_PERIPHERAL.a(ll_connection.o)
                0x000050d0                ll_allocate_connection

i.ll_calculate_and_program_def_win_widen_drift
                0x00005114       0x14
 i.ll_calculate_and_program_def_win_widen_drift
                0x00005114       0x14 C:\Program Files (x86)\Cypress\PSoC Creator\3.1\PSoC Creator\psoc\content\cycomponentlibrary\CyComponentLibrary.cylib\BLE_v1_20\Library\gccCyBLEStack_BLE_SOC_PERIPHERAL.a(ll_connection.o)
                0x00005114                ll_calculate_and_program_def_win_widen_drift

i.ll_calculate_drift
                0x00005128       0x2c
 i.ll_calculate_drift
                0x00005128       0x2c C:\Program Files (x86)\Cypress\PSoC Creator\3.1\PSoC Creator\psoc\content\cycomponentlibrary\CyComponentLibrary.cylib\BLE_v1_20\Library\gccCyBLEStack_BLE_SOC_PERIPHERAL.a(ll_connection.o)
                0x00005128                ll_calculate_drift

i.ll_check_and_decrypt_ll_pdu
                0x00005154       0x68
 i.ll_check_and_decrypt_ll_pdu
                0x00005154       0x68 C:\Program Files (x86)\Cypress\PSoC Creator\3.1\PSoC Creator\psoc\content\cycomponentlibrary\CyComponentLibrary.cylib\BLE_v1_20\Library\gccCyBLEStack_BLE_SOC_PERIPHERAL.a(ll_connection.o)
                0x00005154                ll_check_and_decrypt_ll_pdu

i.ll_check_and_decrypt_packet
                0x000051bc       0x6a
 i.ll_check_and_decrypt_packet
                0x000051bc       0x6a C:\Program Files (x86)\Cypress\PSoC Creator\3.1\PSoC Creator\psoc\content\cycomponentlibrary\CyComponentLibrary.cylib\BLE_v1_20\Library\gccCyBLEStack_BLE_SOC_PERIPHERAL.a(ll_connection.o)
                0x000051bc                ll_check_and_decrypt_packet

i.ll_check_and_encrypt_ll_pdu
                0x00005226       0x72
 i.ll_check_and_encrypt_ll_pdu
                0x00005226       0x72 C:\Program Files (x86)\Cypress\PSoC Creator\3.1\PSoC Creator\psoc\content\cycomponentlibrary\CyComponentLibrary.cylib\BLE_v1_20\Library\gccCyBLEStack_BLE_SOC_PERIPHERAL.a(ll_connection.o)
                0x00005226                ll_check_and_encrypt_ll_pdu

i.ll_check_and_encrypt_packet
                0x00005298       0x8a
 i.ll_check_and_encrypt_packet
                0x00005298       0x8a C:\Program Files (x86)\Cypress\PSoC Creator\3.1\PSoC Creator\psoc\content\cycomponentlibrary\CyComponentLibrary.cylib\BLE_v1_20\Library\gccCyBLEStack_BLE_SOC_PERIPHERAL.a(ll_connection.o)
                0x00005298                ll_check_and_encrypt_packet

i.ll_check_for_allowing_incoming_connection_update
                0x00005322       0x42
 i.ll_check_for_allowing_incoming_connection_update
                0x00005322       0x42 C:\Program Files (x86)\Cypress\PSoC Creator\3.1\PSoC Creator\psoc\content\cycomponentlibrary\CyComponentLibrary.cylib\BLE_v1_20\Library\gccCyBLEStack_BLE_SOC_PERIPHERAL.a(ll_connection.o)
                0x00005322                ll_check_for_allowing_incoming_connection_update

i.ll_check_if_pdu_is_loaded_to_hardware
                0x00005364       0x1c
 i.ll_check_if_pdu_is_loaded_to_hardware
                0x00005364       0x1c C:\Program Files (x86)\Cypress\PSoC Creator\3.1\PSoC Creator\psoc\content\cycomponentlibrary\CyComponentLibrary.cylib\BLE_v1_20\Library\gccCyBLEStack_BLE_SOC_PERIPHERAL.a(ll_connection.o)
                0x00005364                ll_check_if_pdu_is_loaded_to_hardware

i.ll_check_random_address_in_use_by_initiator
                0x00005380       0x30
 i.ll_check_random_address_in_use_by_initiator
                0x00005380       0x30 C:\Program Files (x86)\Cypress\PSoC Creator\3.1\PSoC Creator\psoc\content\cycomponentlibrary\CyComponentLibrary.cylib\BLE_v1_20\Library\gccCyBLEStack_BLE_SOC_PERIPHERAL.a(ll_connection.o)
                0x00005380                ll_check_random_address_in_use_by_initiator

i.ll_check_white_list_in_use_by_initiator
                0x000053b0       0x30
 i.ll_check_white_list_in_use_by_initiator
                0x000053b0       0x30 C:\Program Files (x86)\Cypress\PSoC Creator\3.1\PSoC Creator\psoc\content\cycomponentlibrary\CyComponentLibrary.cylib\BLE_v1_20\Library\gccCyBLEStack_BLE_SOC_PERIPHERAL.a(ll_connection.o)
                0x000053b0                ll_check_white_list_in_use_by_initiator

i.ll_conn_free_enc_txn_buffer
                0x000053e0       0x16
 i.ll_conn_free_enc_txn_buffer
                0x000053e0       0x16 C:\Program Files (x86)\Cypress\PSoC Creator\3.1\PSoC Creator\psoc\content\cycomponentlibrary\CyComponentLibrary.cylib\BLE_v1_20\Library\gccCyBLEStack_BLE_SOC_PERIPHERAL.a(ll_connection.o)
                0x000053e0                ll_conn_free_enc_txn_buffer

i.ll_conn_fsm_update_channel_state
                0x000053f6        0x6
 i.ll_conn_fsm_update_channel_state
                0x000053f6        0x6 C:\Program Files (x86)\Cypress\PSoC Creator\3.1\PSoC Creator\psoc\content\cycomponentlibrary\CyComponentLibrary.cylib\BLE_v1_20\Library\gccCyBLEStack_BLE_SOC_PERIPHERAL.a(ll_connection.o)
                0x000053f6                ll_conn_fsm_update_channel_state

i.ll_conn_fsm_update_conn_update_state
                0x000053fc        0x6
 i.ll_conn_fsm_update_conn_update_state
                0x000053fc        0x6 C:\Program Files (x86)\Cypress\PSoC Creator\3.1\PSoC Creator\psoc\content\cycomponentlibrary\CyComponentLibrary.cylib\BLE_v1_20\Library\gccCyBLEStack_BLE_SOC_PERIPHERAL.a(ll_connection.o)
                0x000053fc                ll_conn_fsm_update_conn_update_state

i.ll_conn_fsm_update_enc_state
                0x00005402        0x6
 i.ll_conn_fsm_update_enc_state
                0x00005402        0x6 C:\Program Files (x86)\Cypress\PSoC Creator\3.1\PSoC Creator\psoc\content\cycomponentlibrary\CyComponentLibrary.cylib\BLE_v1_20\Library\gccCyBLEStack_BLE_SOC_PERIPHERAL.a(ll_connection.o)
                0x00005402                ll_conn_fsm_update_enc_state

i.ll_conn_fsm_update_state
                0x00005408        0x4
 i.ll_conn_fsm_update_state
                0x00005408        0x4 C:\Program Files (x86)\Cypress\PSoC Creator\3.1\PSoC Creator\psoc\content\cycomponentlibrary\CyComponentLibrary.cylib\BLE_v1_20\Library\gccCyBLEStack_BLE_SOC_PERIPHERAL.a(ll_connection.o)
                0x00005408                ll_conn_fsm_update_state

i.ll_conn_handle_data_pdu_from_host_when_data_paused
                0x0000540c        0x8
 i.ll_conn_handle_data_pdu_from_host_when_data_paused
                0x0000540c        0x8 C:\Program Files (x86)\Cypress\PSoC Creator\3.1\PSoC Creator\psoc\content\cycomponentlibrary\CyComponentLibrary.cylib\BLE_v1_20\Library\gccCyBLEStack_BLE_SOC_PERIPHERAL.a(ll_connection.o)
                0x0000540c                ll_conn_handle_data_pdu_from_host_when_data_paused

i.ll_conn_handle_direct_adv_timeout
                0x00005414       0x2a
 i.ll_conn_handle_direct_adv_timeout
                0x00005414       0x2a C:\Program Files (x86)\Cypress\PSoC Creator\3.1\PSoC Creator\psoc\content\cycomponentlibrary\CyComponentLibrary.cylib\BLE_v1_20\Library\gccCyBLEStack_BLE_SOC_PERIPHERAL.a(ll_connection.o)
                0x00005414                ll_conn_handle_direct_adv_timeout

i.ll_conn_handle_ping_timer_expired_interrupt
                0x00005440       0x1c
 i.ll_conn_handle_ping_timer_expired_interrupt
                0x00005440       0x1c C:\Program Files (x86)\Cypress\PSoC Creator\3.1\PSoC Creator\psoc\content\cycomponentlibrary\CyComponentLibrary.cylib\BLE_v1_20\Library\gccCyBLEStack_BLE_SOC_PERIPHERAL.a(ll_connection.o)
                0x00005440                ll_conn_handle_ping_timer_expired_interrupt

i.ll_conn_handle_ping_timer_nearly_expired_interrupt
                0x0000545c       0x20
 i.ll_conn_handle_ping_timer_nearly_expired_interrupt
                0x0000545c       0x20 C:\Program Files (x86)\Cypress\PSoC Creator\3.1\PSoC Creator\psoc\content\cycomponentlibrary\CyComponentLibrary.cylib\BLE_v1_20\Library\gccCyBLEStack_BLE_SOC_PERIPHERAL.a(ll_connection.o)
                0x0000545c                ll_conn_handle_ping_timer_nearly_expired_interrupt

i.ll_conn_handle_stop_connectable_adv
                0x0000547c       0x12
 i.ll_conn_handle_stop_connectable_adv
                0x0000547c       0x12 C:\Program Files (x86)\Cypress\PSoC Creator\3.1\PSoC Creator\psoc\content\cycomponentlibrary\CyComponentLibrary.cylib\BLE_v1_20\Library\gccCyBLEStack_BLE_SOC_PERIPHERAL.a(ll_connection.o)
                0x0000547c                ll_conn_handle_stop_connectable_adv

i.ll_conn_process_pending_transactions
                0x0000548e        0x4
 i.ll_conn_process_pending_transactions
                0x0000548e        0x4 C:\Program Files (x86)\Cypress\PSoC Creator\3.1\PSoC Creator\psoc\content\cycomponentlibrary\CyComponentLibrary.cylib\BLE_v1_20\Library\gccCyBLEStack_BLE_SOC_PERIPHERAL.a(ll_connection.o)
                0x0000548e                ll_conn_process_pending_transactions

i.ll_conn_program_authenticated_payload_timer
                0x00005494       0x50